******************************************************************************
                  TI ARM Linker PC v5.2.5                      
******************************************************************************
>> Linked Tue Jan 16 09:37:12 2018

OUTPUT FILE NAME:   <wlan_station.out>
ENTRY POINT SYMBOL: "_c_int00"  address: 20011e65


MEMORY CONFIGURATION

         name            origin    length      used     unused   attr    fill
----------------------  --------  ---------  --------  --------  ----  --------
  SRAM_CODE             20004000   00014000  000126c2  0000193e  RW X
  SRAM_DATA             20018000   00018000  0000c441  0000bbbf  RW X


SEGMENT ALLOCATION MAP

run origin  load origin   length   init length attrs members
----------  ----------- ---------- ----------- ----- -------
20004000    20004000    000126c8   000126c8    r-x
  20004000    20004000    0000030c   0000030c    r-- .resetVecs
  20004310    20004310    0000fac2   0000fac2    r-x .text
  20013dd4    20013dd4    00002554   00002554    r-- .const
  20016328    20016328    000003a0   000003a0    r-- .cinit
20018000    20018000    0000a448   00000000    rw-
  20018000    20018000    00009e49   00000000    rw- .bss
  20021e50    20021e50    000005f8   00000000    rw- .data
2002e000    2002e000    00002000   00000000    rw-
  2002e000    2002e000    00002000   00000000    rw- .stack


SECTION ALLOCATION MAP

 output                                  attributes/
section   page    origin      length       input sections
--------  ----  ----------  ----------   ----------------
.init_array 
*          0    20004000    00000000     UNINITIALIZED

.resetVecs 
*          0    20004000    0000030c     
                  20004000    0000030c     app_pem4.oem4 (.resetVecs)

.text      0    20004310    0000fac2     
                  20004310    000010a6     rtsv7M4_T_le_eabi.lib : _printfi.obj (.text)
                  200053b6    00000002                           : i_div0.obj (.text)
                  200053b8    00000fc4     webclient.a : httpcli.obj (.text)
                  2000637c    00000b6c     sta_configure.obj (.text)
                  20006ee8    000005b8     httpclient.obj (.text)
                  200074a0    00000590     simplelink.a : driver.obj (.text:_SlDrvMsgRead)
                  20007a30    00000544     ti_rtos.a : osi_tirtos.obj (.text)
                  20007f74    00000004     app_pem4.oem4 (.text:ti_sysbios_BIOS_RtsGateProxy_enter__E)
                  20007f78    00000430     sysbios.aem4 : BIOS.obj (.text:ti_sysbios_family_arm_m3_Hwi_excDumpRegs__I)
                  200083a8    000003dc     main.obj (.text)
                  20008784    00000394     gpio_if.obj (.text)
                  20008b18    0000034c     ti.targets.arm.rtsarm.aem4 : System.oem4 (.text:xdc_runtime_System_doPrint__I)
                  20008e64    00000004     app_pem4.oem4 (.text:ti_sysbios_BIOS_RtsGateProxy_leave__E)
                  20008e68    00000314     sysbios.aem4 : BIOS.obj (.text:ti_sysbios_knl_Semaphore_pend__E)
                  2000917c    000002ea     webclient.a : ssock.obj (.text)
                  20009466    00000002     app_pem4.oem4 (.text:ti_sysbios_BIOS_nullFunc__I)
                  20009468    000002d4     rtsv7M4_T_le_eabi.lib : trgdrv.obj (.text)
                  2000973c    00000280     uart_if.obj (.text)
                  200099bc    0000027c     simplelink.a : wlan.obj (.text:sl_WlanConnect)
                  20009c38    00000254     sysbios.aem4 : BIOS.obj (.text:ti_sysbios_heaps_HeapMem_free__E)
                  20009e8c    0000024c     simplelink.a : driver.obj (.text:_SlDrvRxHdrRead)
                  2000a0d8    00000248     sysbios.aem4 : BIOS.obj (.text:ti_sysbios_heaps_HeapMem_alloc__E)
                  2000a320    0000022c                  : BIOS.obj (.text:ti_sysbios_knl_Task_Instance_finalize__E)
                  2000a54c    00000004     app_pem4.oem4 (.text:ti_sysbios_family_arm_m3_Hwi_delete)
                  2000a550    00000200     sysbios.aem4 : BIOS.obj (.text:ti_sysbios_knl_Task_sleep__E)
                  2000a750    000001fc                  : BIOS.obj (.text:ti_sysbios_family_arm_m3_Hwi_excHandlerMax__I)
                  2000a94c    000001f4     rtsv7M4_T_le_eabi.lib : ull_div_t2.obj (.text)
                  2000ab40    000001e0     simplelink.a : driver.obj (.text:_SlDrvDataReadOp)
                  2000ad20    000001d0                  : driver.obj (.text:_SlDrvReleasePoolObj)
                  2000aef0    000001c8     sysbios.aem4 : BIOS.obj (.text:ti_sysbios_knl_Task_Instance_init__E)
                  2000b0b8    000001b6     rtsv7M4_T_le_eabi.lib : fd_add_t2.obj (.text)
                  2000b26e    00000002     app_pem4.oem4 (.text:xdc_runtime_Startup_reset__I)
                  2000b270    0000019c     simplelink.a : driver.obj (.text:_SlDrvMsgWrite)
                  2000b40c    00000004     app_pem4.oem4 (.text:ti_sysbios_family_arm_m3_TaskSupport_Module__startupDone__S)
                  2000b410    0000019c     sysbios.aem4 : BIOS.obj (.text:ti_sysbios_knl_Task_Module_startup__E)
                  2000b5ac    00000190     simplelink.a : driver.obj (.text:_SlDrvDriverCBInit)
                  2000b73c    00000190                  : driver.obj (.text:_SlDrvWaitForPoolObj)
                  2000b8cc    0000018c                  : socket.obj (.text:sl_Connect)
                  2000ba58    00000178     driverlib.a : prcm.obj (.text:PRCMCC3200MCUInit)
                  2000bbd0    00000174     sysbios.aem4 : BIOS.obj (.text:ti_sysbios_family_arm_m3_Hwi_excBusFault__I)
                  2000bd44    00000170     simplelink.a : driver.obj (.text:_SlFindAndSetActiveObj)
                  2000beb4    00000004     app_pem4.oem4 (.text:ti_sysbios_heaps_HeapMem_Module_GateProxy_enter__E)
                  2000beb8    00000164     sysbios.aem4 : BIOS.obj (.text:ti_sysbios_family_arm_m3_Hwi_excUsageFault__I)
                  2000c01c    00000004     app_pem4.oem4 (.text:ti_sysbios_heaps_HeapMem_Module_GateProxy_leave__E)
                  2000c020    00000158     sysbios.aem4 : BIOS.obj (.text:ti_sysbios_knl_Mailbox_Instance_init__E)
                  2000c178    00000150     simplelink.a : cc_pal.obj (.text:spi_Open)
                  2000c2c8    0000014c                  : driver.obj (.text:_SlDrvDataWriteOp)
                  2000c414    00000004     app_pem4.oem4 (.text:ti_sysbios_knl_Clock_TimerProxy_getMaxTicks__E)
                  2000c418    00000148     sysbios.aem4 : BIOS.obj (.text:ti_sysbios_family_arm_m3_Hwi_excMemFault__I)
                  2000c560    00000144     simplelink.a : netapp.obj (.text:sl_NetAppDnsGetHostByName)
                  2000c6a4    00000004     app_pem4.oem4 (.text:ti_sysbios_knl_Mailbox_delete)
                  2000c6a8    00000140     sysbios.aem4 : BIOS.obj (.text:ti_sysbios_knl_Semaphore_post__E)
                  2000c7e8    0000013c     simplelink.a : driver.obj (.text:_SlDrvMsgReadCmdCtx)
                  2000c924    00000004     app_pem4.oem4 (.text:ti_sysbios_knl_Queue_destruct)
                  2000c928    0000013c     sysbios.aem4 : BIOS.obj (.text:ti_sysbios_heaps_HeapMem_Instance_init__E)
                  2000ca64    00000004     app_pem4.oem4 (.text:ti_sysbios_knl_Semaphore_delete)
                  2000ca68    00000138     sysbios.aem4 : BIOS.obj (.text:ti_sysbios_family_arm_m3_Hwi_dispatchC__I)
                  2000cba0    00000138     ti.targets.arm.rtsarm.aem4 : LoggerBuf.oem4 (.text:xdc_runtime_LoggerBuf_write8__E)
                  2000ccd8    00000136     rtsv7M4_T_le_eabi.lib : fd_div_t2.obj (.text)
                  2000ce0e    00000002     --HOLE-- [fill = 0]
                  2000ce10    00000134     simplelink.a : socket.obj (.text:sl_Send)
                  2000cf44    00000004     app_pem4.oem4 (.text:ti_sysbios_knl_Semaphore_destruct)
                  2000cf48    00000134     sysbios.aem4 : BIOS.obj (.text:ti_sysbios_knl_Clock_workFunc__E)
                  2000d07c    00000124     simplelink.a : driver.obj (.text:_SlDrvDriverCBDeinit)
                  2000d1a0    0000011c     sysbios.aem4 : BIOS.obj (.text:ti_sysbios_knl_Swi_run__I)
                  2000d2bc    00000118     ti.targets.arm.rtsarm.aem4 : Error.oem4 (.text:xdc_runtime_Error_policyDefault__E)
                  2000d3d4    00000114     rtsv7M4_T_le_eabi.lib : strtoul.obj (.text)
                  2000d4e8    00000110                           : xdscale.obj (.text)
                  2000d5f8    00000104     simplelink.a : netapp.obj (.text:_SlDrvNetAppEventHandler)
                  2000d6fc    00000100     ti.targets.arm.rtsarm.aem4 : Core-mem.oem4 (.text:xdc_runtime_Core_createObject__I)
                  2000d7fc    000000fc     rtsv7M4_T_le_eabi.lib : fd_mul_t2.obj (.text)
                  2000d8f8    000000f8     ti.targets.arm.rtsarm.aem4 : Startup.oem4 (.text:xdc_runtime_Startup_startMods__I)
                  2000d9f0    000000f8     app_pem4.oem4 (.text:xdc_runtime_System_printfExtend__I)
                  2000dae8    000000f0     simplelink.a : device.obj (.text:sl_Stop)
                  2000dbd8    000000f0     driverlib.a : udma.obj (.text:uDMAChannelTransferSet)
                  2000dcc8    000000ec     simplelink.a : device.obj (.text:sl_Start)
                  2000ddb4    000000e8                  : driver.obj (.text:_SlAsyncEventGenericHandler)
                  2000de9c    000000e8                  : driver.obj (.text:_SlDrvMsgReadSpawnCtx)
                  2000df84    000000e4                  : netapp.obj (.text:sl_NetAppMDNSRegisterUnregisterService)
                  2000e068    000000dc                  : driver.obj (.text:_SlDrvClassifyRxMsg)
                  2000e144    000000dc                  : cc_pal.obj (.text:spi_Read)
                  2000e220    000000d4     ti.targets.arm.rtsarm.aem4 : LoggerBuf.oem4 (.text:xdc_runtime_LoggerBuf_write4__E)
                  2000e2f4    00000004     app_pem4.oem4 (.text:ti_sysbios_knl_Task_delete)
                  2000e2f8    000000d0     sysbios.aem4 : BIOS.obj (.text:ti_sysbios_family_arm_m3_Hwi_Module_startup__E)
                  2000e3c8    000000d0                  : m3_Hwi_asm.obj (.text:ti_sysbios_family_arm_m3_Hwi_dispatch__I)
                  2000e498    000000cc     simplelink.a : netapp.obj (.text:_sl_HandleAsync_DnsGetHostByService)
                  2000e564    000000cc                  : device.obj (.text:sl_DevGet)
                  2000e630    000000cc     sysbios.aem4 : BIOS.obj (.text:ti_sysbios_knl_Task_schedule__I)
                  2000e6fc    000000cc     ti.targets.arm.rtsarm.aem4 : Core-smem.oem4 (.text:xdc_runtime_Core_constructObject__I)
                  2000e7c8    000000c4     simplelink.a : driver.obj (.text:_SlRemoveFromList)
                  2000e88c    000000c0                  : driver.obj (.text:_SlDrvCmdOp)
                  2000e94c    000000be     rtsv7M4_T_le_eabi.lib : xdnorm.obj (.text)
                  2000ea0a    00000006     driverlib.a : utils.obj (.text:UtilsDelay)
                  2000ea10    000000bc     sysbios.aem4 : BIOS.obj (.text:ti_sysbios_family_arm_m3_Hwi_excDebugMon__I)
                  2000eacc    00000004     ti.targets.arm.rtsarm.aem4 : Error.oem4 (.text:xdc_runtime_Error_getSite__E)
                  2000ead0    000000bc     sysbios.aem4 : BIOS.obj (.text:ti_sysbios_family_arm_m3_Hwi_excHardFault__I)
                  2000eb8c    00000004     app_pem4.oem4 (.text:xdc_runtime_LoggerBuf_Module_GateProxy_enter__E)
                  2000eb90    000000bc     sysbios.aem4 : BIOS.obj (.text:ti_sysbios_knl_Task_startCore__E)
                  2000ec4c    00000004     app_pem4.oem4 (.text:xdc_runtime_LoggerBuf_Module_GateProxy_leave__E)
                  2000ec50    000000b4     sysbios.aem4 : BIOS.obj (.text:ti_sysbios_gates_GateMutex_enter__E)
                  2000ed04    00000004     app_pem4.oem4 (.text:xdc_runtime_System_Module_GateProxy_enter__E)
                  2000ed08    000000b4     sysbios.aem4 : BIOS.obj (.text:ti_sysbios_knl_Task_checkStacks__E)
                  2000edbc    00000004     app_pem4.oem4 (.text:xdc_runtime_System_Module_GateProxy_leave__E)
                  2000edc0    000000b4     sysbios.aem4 : BIOS.obj (.text:ti_sysbios_knl_Task_yield__E)
                  2000ee74    00000004     ti.targets.arm.rtsarm.aem4 : System.oem4 (.text:xdc_runtime_System_aprintf_va__F)
                  2000ee78    000000ac     sysbios.aem4 : BIOS.obj (.text:ti_sysbios_knl_Swi_post__E)
                  2000ef24    000000a8     driverlib.a : interrupt.obj (.text:IntEnable)
                  2000efcc    00000004     ti.targets.arm.rtsarm.aem4 : System.oem4 (.text:xdc_runtime_System_printf_va__F)
                  2000efd0    000000a8     sysbios.aem4 : BIOS.obj (.text:ti_sysbios_knl_Task_blockI__E)
                  2000f078    000000a8                  : BIOS.obj (.text:ti_sysbios_knl_Task_postInit__I)
                  2000f120    000000a0     driverlib.a : spi.obj (.text:SPIConfigSetExpClk)
                  2000f1c0    000000a0     simplelink.a : driver.obj (.text:_SlDriverHandleError)
                  2000f260    000000a0     auto_init.aem4 : auto_init.oem4 (.text)
                  2000f300    000000a0     simplelink.a : socket.obj (.text:sl_Recv)
                  2000f3a0    000000a0     ti.targets.arm.rtsarm.aem4 : Text.oem4 (.text:xdc_runtime_Text_putMod__E)
                  2000f440    0000009c     rtsv7M4_T_le_eabi.lib : memcpy_t2.obj (.text)
                  2000f4dc    00000004     --HOLE-- [fill = 0]
                  2000f4e0    0000009c     sysbios.aem4 : BIOS.obj (.text:ti_sysbios_knl_Semaphore_Instance_init__E)
                  2000f57c    0000009c     ti.targets.arm.rtsarm.aem4 : LoggerBuf.oem4 (.text:xdc_runtime_LoggerBuf_setFilterLevel__E)
                  2000f618    0000009a     simplelink.a : device.obj (.text:_SlDrvDeviceEventHandler)
                  2000f6b2    00000002     --HOLE-- [fill = 0]
                  2000f6b4    0000009a     ti.targets.arm.rtsarm.aem4 : Text.oem4 (.text:xdc_runtime_Text_putSite__E)
                  2000f74e    00000002     --HOLE-- [fill = 0]
                  2000f750    00000098     simplelink.a : netcfg.obj (.text:sl_NetCfgSet)
                  2000f7e8    00000098                  : socket.obj (.text:sl_SetSockOpt)
                  2000f880    00000098                  : wlan.obj (.text:sl_WlanSet)
                  2000f918    00000098     sysbios.aem4 : BIOS.obj (.text:ti_sysbios_knl_Mailbox_post__E)
                  2000f9b0    00000094     driverlib.a : prcm.obj (.text:PRCMPeripheralClockGet)
                  2000fa44    00000004     --HOLE-- [fill = 0]
                  2000fa48    00000094     sysbios.aem4 : BIOS.obj (.text:ti_sysbios_family_arm_m3_Hwi_Instance_init__E)
                  2000fadc    00000004     --HOLE-- [fill = 0]
                  2000fae0    00000094                  : BIOS.obj (.text:ti_sysbios_knl_Task_exit__E)
                  2000fb74    00000090     simplelink.a : netapp.obj (.text:_sl_HandleAsync_DnsGetHostByName)
                  2000fc04    00000090                  : netapp.obj (.text:_sl_HandleAsync_PingResponse)
                  2000fc94    00000090                  : wlan.obj (.text:sl_WlanPolicySet)
                  2000fd24    00000004     --HOLE-- [fill = 0]
                  2000fd28    00000090     sysbios.aem4 : BIOS.obj (.text:ti_sysbios_knl_Task_unblockI__E)
                  2000fdb8    0000008c     simplelink.a : cc_pal.obj (.text:SetupDMAReceive)
                  2000fe44    0000008c                  : cc_pal.obj (.text:SetupDMASend)
                  2000fed0    0000008c                  : driver.obj (.text:_SlDrvIsTimeoutExpired)
                  2000ff5c    0000008c                  : device.obj (.text:_sl_HandleAsync_InitComplete)
                  2000ffe8    0000008c                  : socket.obj (.text:sl_Socket)
                  20010074    0000008c                  : cc_pal.obj (.text:spi_Write)
                  20010100    0000008c     sysbios.aem4 : BIOS.obj (.text:ti_sysbios_knl_Mailbox_pend__E)
                  2001018c    00000088     driverlib.a : pin.obj (.text:PinConfigSet)
                  20010214    00000088     rtsv7M4_T_le_eabi.lib : vsnprintf.obj (.text)
                  2001029c    00000004     --HOLE-- [fill = 0]
                  200102a0    00000088     sysbios.aem4 : BIOS.obj (.text:ti_sysbios_family_arm_m3_Hwi_initNVIC__E)
                  20010328    00000088                  : BIOS.obj (.text:ti_sysbios_knl_Mailbox_Module_startup__E)
                  200103b0    00000086     rtsv7M4_T_le_eabi.lib : fd_cmp_t2.obj (.text:__aeabi_cdcmple)
                  20010436    00000086                           : fd_cmp_t2.obj (.text:__aeabi_cdrcmple)
                  200104bc    00000084     simplelink.a : wlan.obj (.text:sl_WlanRxFilterSet)
                  20010540    00000084     sysbios.aem4 : BIOS.obj (.text:ti_sysbios_family_arm_m3_Hwi_postInit__I)
                  200105c4    00000082     driverlib.a : gpio.obj (.text:GPIOIntTypeSet)
                  20010646    00000002     --HOLE-- [fill = 0]
                  20010648    00000080     simplelink.a : socket.obj (.text:_sl_HandleAsync_Connect)
                  200106c8    00000080                  : cc_pal.obj (.text:spi_Read_CPU)
                  20010748    00000080                  : cc_pal.obj (.text:spi_Write_CPU)
                  200107c8    0000007c     sysbios.aem4 : BIOS.obj (.text:ti_sysbios_family_arm_m3_TimestampProvider_get64__E)
                  20010844    0000007a     rtsv7M4_T_le_eabi.lib : memset_t2.obj (.text)
                  200108be    00000002     --HOLE-- [fill = 0]
                  200108c0    00000078     simplelink.a : cc_pal.obj (.text:spi_Close)
                  20010938    00000076     driverlib.a : uart.obj (.text:UARTConfigSetExpClk)
                  200109ae    00000002     --HOLE-- [fill = 0]
                  200109b0    00000074     ti.targets.arm.rtsarm.aem4 : LoggerBuf.oem4 (.text:xdc_runtime_LoggerBuf_getFilterLevel__E)
                  20010a24    00000004     --HOLE-- [fill = 0]
                  20010a28    00000070     sysbios.aem4 : BIOS.obj (.text:ti_sysbios_knl_Mailbox_Instance_finalize__E)
                  20010a98    0000006d     ti.targets.arm.rtsarm.aem4 : System.oem4 (.text:xdc_runtime_System_formatNum__I)
                  20010b05    00000003     --HOLE-- [fill = 0]
                  20010b08    0000006c     simplelink.a : driver.obj (.text:_SlDrvCmdSend)
                  20010b74    0000006c                  : netapp.obj (.text:_sl_NetAppSendTokenValue)
                  20010be0    0000006c     sysbios.aem4 : BIOS.obj (.text:ti_sysbios_knl_Swi_restoreHwi__E)
                  20010c4c    0000006c     ti.targets.arm.rtsarm.aem4 : Error.oem4 (.text:xdc_runtime_Error_print__E)
                  20010cb8    0000006c                                : Memory.oem4 (.text:xdc_runtime_Memory_alloc__E)
                  20010d24    0000006a     rtsv7M4_T_le_eabi.lib : copy_decompress_rle.obj (.text)
                  20010d8e    00000002     --HOLE-- [fill = 0]
                  20010d90    00000068                           : trgmsg.obj (.text)
                  20010df8    00000066                           : xdunscal.obj (.text)
                  20010e5e    00000066     ti.targets.arm.rtsarm.aem4 : Core-mem.oem4 (.text:xdc_runtime_Core_deleteObject__I)
                  20010ec4    00000064     simplelink.a : socket.obj (.text:_sl_HandleAsync_Accept)
                  20010f28    00000064     pinmux.obj (.text)
                  20010f8c    00000064     simplelink.a : netapp.obj (.text:sl_NetAppMDNSUnRegisterService)
                  20010ff0    00000064     app_pem4.oem4 (.text:ti_sysbios_family_arm_m3_Hwi_create)
                  20011054    00000064     app_pem4.oem4 (.text:ti_sysbios_knl_Mailbox_create)
                  200110b8    00000064     driverlib.a : udma.obj (.text:uDMAChannelAttributeDisable)
                  2001111c    00000064                 : udma.obj (.text:uDMAChannelAttributeEnable)
                  20011180    00000060     simplelink.a : socket.obj (.text:sl_Close)
                  200111e0    00000060                  : wlan.obj (.text:sl_WlanProfileDel)
                  20011240    00000060                  : wlan.obj (.text:sl_WlanSetMode)
                  200112a0    00000060     sysbios.aem4 : BIOS.obj (.text:ti_sysbios_knl_Clock_logTick__E)
                  20011300    0000005c                  : BIOS.obj (.text:ti_sysbios_knl_Swi_schedule__I)
                  2001135c    0000005c     app_pem4.oem4 (.text:ti_sysbios_knl_Task_create)
                  200113b8    0000005c     app_pem4.oem4 (.text:xdc_runtime_LoggerBuf_Object__create__S)
                  20011414    0000005b     ti.targets.arm.rtsarm.aem4 : Text.oem4 (.text:xdc_runtime_Text_putLab__E)
                  2001146f    00000001     --HOLE-- [fill = 0]
                  20011470    00000058     driverlib.a : interrupt.obj (.text:IntPendClear)
                  200114c8    00000058                 : prcm.obj (.text:PRCMPeripheralReset)
                  20011520    00000058     sysbios.aem4 : BIOS.obj (.text:ti_sysbios_family_arm_m3_Timer_setPeriod__E)
                  20011578    00000056     rtsv7M4_T_le_eabi.lib : ltoa.obj (.text)
                  200115ce    00000002     --HOLE-- [fill = 0]
                  200115d0    00000054     simplelink.a : socket.obj (.text:_sl_HandleAsync_Select)
                  20011624    00000004     --HOLE-- [fill = 0]
                  20011628    00000054     sysbios.aem4 : BIOS.obj (.text:ti_sysbios_family_arm_m3_Timer_start__E)
                  2001167c    00000054     ti.targets.arm.rtsarm.aem4 : Assert.oem4 (.text:xdc_runtime_Assert_raise__I)
                  200116d0    00000050     simplelink.a : driver.obj (.text:_SlDrvRxIrqHandler)
                  20011720    00000050                  : device.obj (.text:_sl_HandleAsync_Stop)
                  20011770    00000050     ti.targets.arm.rtsarm.aem4 : Startup.oem4 (.text:xdc_runtime_Startup_exec__E)
                  200117c0    00000050                                : Text.oem4 (.text:xdc_runtime_Text_visitRope2__I)
                  20011810    0000004c     driverlib.a : spi.obj (.text:SPIIntEnable)
                  2001185c    0000004c     simplelink.a : driver.obj (.text:_SlDrvProtectAsyncRespSetting)
                  200118a8    0000004c                  : socket.obj (.text:_sl_BuildAddress)
                  200118f4    0000004c     rtsv7M4_T_le_eabi.lib : atoi.obj (.text)
                  20011940    0000004c                           : cpy_tbl.obj (.text)
                  2001198c    0000004c     sysbios.aem4 : m3_TaskSupport_asm.obj (.text:ti_sysbios_family_arm_m3_TaskSupport_buildTaskStack)
                  200119d8    0000004c                  : BIOS.obj (.text:ti_sysbios_heaps_HeapMem_getStats__E)
                  20011a24    00000004     --HOLE-- [fill = 0]
                  20011a28    0000004c                  : BIOS.obj (.text:ti_sysbios_knl_Swi_runLoop__I)
                  20011a74    00000004     --HOLE-- [fill = 0]
                  20011a78    0000004c                  : BIOS.obj (.text:ti_sysbios_knl_Task_allBlockedFunction__I)
                  20011ac4    0000004c     driverlib.a : udma.obj (.text:uDMAChannelAssign)
                  20011b10    00000048                 : spi.obj (.text:SPIIntClear)
                  20011b58    00000048     simplelink.a : driver.obj (.text:_SlDrvBasicCmd)
                  20011ba0    00000048     rtsv7M4_T_le_eabi.lib : fd_toi_t2.obj (.text)
                  20011be8    00000048     sysbios.aem4 : BIOS.obj (.text:ti_sysbios_family_arm_m3_Hwi_disableInterrupt__E)
                  20011c30    00000048                  : BIOS.obj (.text:ti_sysbios_family_arm_m3_Hwi_enableInterrupt__E)
                  20011c78    00000048                  : BIOS.obj (.text:ti_sysbios_family_arm_m3_Hwi_excReserved__I)
                  20011cc0    00000048                  : m3_Hwi_asm_switch.obj (.text:ti_sysbios_family_arm_m3_Hwi_initStacks__E)
                  20011d08    00000048                  : BIOS.obj (.text:ti_sysbios_family_arm_m3_Timer_initDevice__I)
                  20011d50    00000046     rtsv7M4_T_le_eabi.lib : ldexp.obj (.text)
                  20011d96    00000046     ti.targets.arm.rtsarm.aem4 : Core-params.oem4 (.text:xdc_runtime_Core_assignParams__I)
                  20011ddc    00000044     driverlib.a : spi.obj (.text:SPIDmaMaskGet)
                  20011e20    00000044                 : timer.obj (.text:TimerConfigure)
                  20011e64    00000044     boot.aem4 : boot.oem4 (.text)
                  20011ea8    00000044     simplelink.a : cc_pal.obj (.text:cc_SetupTransfer)
                  20011eec    00000044     rtsv7M4_T_le_eabi.lib : exit.obj (.text)
                  20011f30    00000044     sysbios.aem4 : BIOS.obj (.text:ti_sysbios_family_arm_m3_Hwi_getStackInfo__E)
                  20011f74    00000004     --HOLE-- [fill = 0]
                  20011f78    00000044                  : BIOS.obj (.text:ti_sysbios_knl_Mailbox_postInit__I)
                  20011fbc    00000044     ti.targets.arm.rtsarm.aem4 : Error.oem4 (.text:xdc_runtime_Error_setX__E)
                  20012000    00000044                                : LoggerBuf.oem4 (.text:xdc_runtime_LoggerBuf_filterOutEvent__I)
                  20012044    00000044                                : SysMin.oem4 (.text:xdc_runtime_SysMin_flush__E)
                  20012088    00000044                                : Text.oem4 (.text:xdc_runtime_Text_xprintf__I)
                  200120cc    00000042     simplelink.a : socket.obj (.text:sl_Htonl)
                  2001210e    00000002     --HOLE-- [fill = 0]
                  20012110    00000040     driverlib.a : pin.obj (.text:PinModeSet)
                  20012150    00000040     simplelink.a : driver.obj (.text:_SlDrvSyncObjWaitTimeout)
                  20012190    00000040                  : socket.obj (.text:_sl_TruncatePayloadByProtocol)
                  200121d0    00000040     rtsv7M4_T_le_eabi.lib : signal.obj (.text)
                  20012210    00000040                           : u_divt2.obj (.text)
                  20012250    00000040     sysbios.aem4 : BIOS.obj (.text:ti_sysbios_family_arm_m3_Timer_Module_startup__E)
                  20012290    0000003e     app_pem4.oem4 (.text:realloc)
                  200122ce    0000003c     simplelink.a : netapp.obj (.text:CopyPingResultsToReport)
                  2001230a    00000002     --HOLE-- [fill = 0]
                  2001230c    0000003c     driverlib.a : prcm.obj (.text:PRCMPeripheralClkEnable)
                  20012348    0000003c     simplelink.a : cc_pal.obj (.text:simplelink_timerA2_start)
                  20012384    0000003c                  : socket.obj (.text:sl_Htons)
                  200123c0    0000003c     sysbios.aem4 : BIOS.obj (.text:ti_sysbios_family_arm_m3_Hwi_excSvCall__I)
                  200123fc    00000004     --HOLE-- [fill = 0]
                  20012400    0000003c                  : BIOS.obj (.text:ti_sysbios_heaps_HeapMem_init__I)
                  2001243c    00000004     --HOLE-- [fill = 0]
                  20012440    0000003c                  : BIOS.obj (.text:ti_sysbios_knl_Swi_startup__E)
                  2001247c    0000003c     driverlib.a : udma.obj (.text:uDMAChannelControlSet)
                  200124b8    0000003a     ti.targets.arm.rtsarm.aem4 : LoggerBuf.oem4 (.text:xdc_runtime_LoggerBuf_Instance_init__E)
                  200124f2    00000002     --HOLE-- [fill = 0]
                  200124f4    00000038     simplelink.a : cc_pal.obj (.text:NwpPowerOff)
                  2001252c    00000038                  : wlan.obj (.text:sl_WlanDisconnect)
                  20012564    00000004     --HOLE-- [fill = 0]
                  20012568    00000038     sysbios.aem4 : BIOS.obj (.text:ti_sysbios_family_arm_m3_Hwi_excNoIsr__I)
                  200125a0    00000038                  : BIOS.obj (.text:ti_sysbios_knl_Task_processVitalTaskFlag__I)
                  200125d8    00000038     ti.targets.arm.rtsarm.aem4 : SysMin.oem4 (.text:xdc_runtime_SysMin_putch__E)
                  20012610    00000038                                : System.oem4 (.text:xdc_runtime_System_atexit__E)
                  20012648    00000036     driverlib.a : gpio.obj (.text:GPIODirModeSet)
                  2001267e    00000002     --HOLE-- [fill = 0]
                  20012680    00000034                 : prcm.obj (.text:PRCMPeripheralStatusGet)
                  200126b4    00000034                 : spi.obj (.text:SPIFIFOLevelSet)
                  200126e8    00000034     rtsv7M4_T_le_eabi.lib : feraiseexcept.obj (.text)
                  2001271c    00000034                           : strstr.obj (.text)
                  20012750    00000034     sysbios.aem4 : BIOS.obj (.text:ti_sysbios_family_arm_m3_Hwi_Instance_finalize__E)
                  20012784    00000004     --HOLE-- [fill = 0]
                  20012788    00000034                  : BIOS.obj (.text:ti_sysbios_family_arm_m3_Hwi_excNmi__I)
                  200127bc    00000004     --HOLE-- [fill = 0]
                  200127c0    00000034                  : BIOS.obj (.text:ti_sysbios_family_arm_m3_Timer_periodicStub__I)
                  200127f4    00000004     --HOLE-- [fill = 0]
                  200127f8    00000034                  : BIOS.obj (.text:ti_sysbios_hal_Hwi_checkStack)
                  2001282c    00000034     app_pem4.oem4 (.text:ti_sysbios_knl_Semaphore_create)
                  20012860    00000034     ti.targets.arm.rtsarm.aem4 : Core-label.oem4 (.text:xdc_runtime_Core_assignLabel__I)
                  20012894    00000033                                : Text.oem4 (.text:xdc_runtime_Text_printVisFxn__I)
                  200128c7    00000001     --HOLE-- [fill = 0]
                  200128c8    00000032     sysbios.aem4 : BIOS.obj (.text:ti_sysbios_hal_Hwi_initStack)
                  200128fa    00000006     ti.targets.arm.rtsarm.aem4 : xdc_noinit.oem4 (.text:__xdc__init)
                  20012900    00000032     sysbios.aem4 : BIOS.obj (.text:ti_sysbios_knl_Semaphore_pendTimeout__I)
                  20012932    00000030     driverlib.a : pin.obj (.text:PinTypeGPIO)
                  20012962    00000002     --HOLE-- [fill = 0]
                  20012964    00000030                 : uart.obj (.text:UARTDisable)
                  20012994    00000030     rtsv7M4_T_le_eabi.lib : xferaise.obj (.text)
                  200129c4    00000030     app_pem4.oem4 (.text:ti_sysbios_BIOS_atExitFunc__I)
                  200129f4    00000004     --HOLE-- [fill = 0]
                  200129f8    00000030     sysbios.aem4 : BIOS.obj (.text:ti_sysbios_family_arm_m3_TaskSupport_start__E)
                  20012a28    00000030     app_pem4.oem4 (.text:ti_sysbios_gates_GateHwi_Object__create__S)
                  20012a58    00000030     app_pem4.oem4 (.text:ti_sysbios_gates_GateMutex_Object__create__S)
                  20012a88    00000030     app_pem4.oem4 (.text:ti_sysbios_heaps_HeapMem_Object__create__S)
                  20012ab8    00000030     app_pem4.oem4 (.text:ti_sysbios_knl_Semaphore_construct)
                  20012ae8    00000030     ti.targets.arm.rtsarm.aem4 : SysMin.oem4 (.text:xdc_runtime_SysMin_abort__E)
                  20012b18    00000030                                : System.oem4 (.text:xdc_runtime_System_processAtExit__E)
                  20012b48    0000002e     app_pem4.oem4 (.text:malloc)
                  20012b76    0000002e     rtsv7M4_T_le_eabi.lib : i_tofd_t2.obj (.text)
                  20012ba4    0000002e                           : raise.obj (.text)
                  20012bd2    00000002     --HOLE-- [fill = 0]
                  20012bd4    0000002c     simplelink.a : cc_pal.obj (.text:DmaSpiSwIntHandler)
                  20012c00    0000002c                  : cc_pal.obj (.text:NwpPowerOn)
                  20012c2c    0000002c     driverlib.a : prcm.obj (.text:PRCMSysResetCauseGet)
                  20012c58    0000002c     app_pem4.oem4 (.text:ti_sysbios_knl_Clock_doTick__I)
                  20012c84    0000002c     app_pem4.oem4 (.text:ti_sysbios_knl_Queue_construct)
                  20012cb0    0000002c     sysbios.aem4 : BIOS.obj (.text:ti_sysbios_knl_Task_restore__E)
                  20012cdc    0000002c     ti.targets.arm.rtsarm.aem4 : Text.oem4 (.text:xdc_runtime_Text_cordText__E)
                  20012d08    0000002a     driverlib.a : timer.obj (.text:TimerLoadSet)
                  20012d32    0000002a                 : timer.obj (.text:TimerPrescaleSet)
                  20012d5c    0000002a     rtsv7M4_T_le_eabi.lib : xdclass.obj (.text)
                  20012d86    0000002a     ti.targets.arm.rtsarm.aem4 : System.oem4 (.text:xdc_runtime_System_putchar__I)
                  20012db0    00000028     driverlib.a : prcm.obj (.text:PRCMPeripheralClkDisable)
                  20012dd8    00000028     simplelink.a : driver.obj (.text:_SlDrvObjGlobalLockWaitForever)
                  20012e00    00000028                  : driver.obj (.text:_SlDrvProtectionObjLockWaitForever)
                  20012e28    00000028     sysbios.aem4 : BIOS.obj (.text:ti_sysbios_knl_Swi_Module_startup__E)
                  20012e50    00000028     ti.targets.arm.rtsarm.aem4 : LoggerBuf.oem4 (.text:xdc_runtime_LoggerBuf_Module_startup__E)
                  20012e78    00000026     simplelink.a : cc_pal.obj (.text:NwpRegisterInterruptHandler)
                  20012e9e    00000026     rtsv7M4_T_le_eabi.lib : strncmp.obj (.text)
                  20012ec4    00000026     ti.targets.arm.rtsarm.aem4 : System.oem4 (.text:xdc_runtime_System_avprintf__E)
                  20012eea    00000024     driverlib.a : uart.obj (.text:UARTEnable)
                  20012f0e    00000002     --HOLE-- [fill = 0]
                  20012f10    00000024     simplelink.a : driver.obj (.text:_SlDrvGlobalObjUnLock)
                  20012f34    00000024                  : driver.obj (.text:_SlDrvProtectionObjUnLock)
                  20012f58    00000024                  : driver.obj (.text:_SlDrvSyncObjWaitForever)
                  20012f7c    00000024     rtsv7M4_T_le_eabi.lib : memmov.obj (.text)
                  20012fa0    00000024     app_pem4.oem4 (.text:ti_sysbios_BIOS_errorRaiseHook__I)
                  20012fc4    00000024     app_pem4.oem4 (.text:ti_sysbios_BIOS_registerRTSLock__I)
                  20012fe8    00000024     app_pem4.oem4 (.text:ti_sysbios_BIOS_removeRTSLock__I)
                  2001300c    00000024     app_pem4.oem4 (.text:ti_sysbios_BIOS_startFunc__I)
                  20013030    00000024     sysbios.aem4 : BIOS.obj (.text:ti_sysbios_family_arm_m3_Hwi_doTaskRestore__I)
                  20013054    00000004     --HOLE-- [fill = 0]
                  20013058    00000024                  : BIOS.obj (.text:ti_sysbios_family_arm_m3_Timer_startup__E)
                  2001307c    00000024     app_pem4.oem4 (.text:ti_sysbios_gates_GateMutex_Object__delete__S)
                  200130a0    00000024     sysbios.aem4 : BIOS.obj (.text:ti_sysbios_knl_Clock_Module_startup__E)
                  200130c4    00000024     app_pem4.oem4 (.text:ti_sysbios_knl_Semaphore_Object__delete__S)
                  200130e8    00000024     ti.targets.arm.rtsarm.aem4 : System.oem4 (.text:xdc_runtime_System_vprintf__E)
                  2001310c    00000022     driverlib.a : spi.obj (.text:SPIReset)
                  2001312e    00000022                 : spi.obj (.text:SPIWordCountSet)
                  20013150    00000022     simplelink.a : driver.obj (.text:_SlDrvObjLockWaitForever)
                  20013172    00000022     rtsv7M4_T_le_eabi.lib : frexp.obj (.text)
                  20013194    00000022     app_pem4.oem4 (.text:xdc_runtime_SysMin_output__I)
                  200131b6    00000020     driverlib.a : gpio.obj (.text:GPIOPinWrite)
                  200131d6    00000002     --HOLE-- [fill = 0]
                  200131d8    00000020     simplelink.a : cc_pal.obj (.text:NwpPrePowerOffTimout0)
                  200131f8    00000020                  : cc_pal.obj (.text:TimerGetCurrentTimestamp)
                  20013218    00000020     app_pem4.oem4 (.text:ti_sysbios_BIOS_rtsLock__I)
                  20013238    00000020     app_pem4.oem4 (.text:ti_sysbios_family_arm_m3_Hwi_Object__delete__S)
                  20013258    00000020     sysbios.aem4 : m3_Hwi_asm.obj (.text:ti_sysbios_family_arm_m3_Hwi_excHandlerAsm__I)
                  20013278    00000020                  : BIOS.obj (.text:ti_sysbios_family_arm_m3_Hwi_excHandler__I)
                  20013298    00000020                  : BIOS.obj (.text:ti_sysbios_family_arm_m3_TimestampProvider_Module_startup__E)
                  200132b8    00000020     app_pem4.oem4 (.text:ti_sysbios_gates_GateHwi_Object__delete__S)
                  200132d8    00000020     app_pem4.oem4 (.text:ti_sysbios_heaps_HeapMem_Object__delete__S)
                  200132f8    00000020     sysbios.aem4 : BIOS.obj (.text:ti_sysbios_knl_Idle_run__E)
                  20013318    00000020     app_pem4.oem4 (.text:ti_sysbios_knl_Mailbox_Object__delete__S)
                  20013338    00000020     app_pem4.oem4 (.text:ti_sysbios_knl_Semaphore_Object__destruct__S)
                  20013358    00000020     app_pem4.oem4 (.text:ti_sysbios_knl_Task_Object__delete__S)
                  20013378    00000020     app_pem4.oem4 (.text:xdc_runtime_LoggerBuf_Object__delete__S)
                  20013398    00000020     ti.targets.arm.rtsarm.aem4 : LoggerBuf.oem4 (.text:xdc_runtime_LoggerBuf_reset__E)
                  200133b8    00000020                                : Registry.oem4 (.text:xdc_runtime_Registry_findById__E)
                  200133d8    00000020                                : SysMin.oem4 (.text:xdc_runtime_SysMin_Module_startup__E)
                  200133f8    0000001e     driverlib.a : timer.obj (.text:TimerEnable)
                  20013416    0000001e                 : uart.obj (.text:UARTCharPut)
                  20013434    0000001e     simplelink.a : driver.obj (.text:_SlDrvObjUnLock)
                  20013452    0000001e                  : driver.obj (.text:_SlDrvSyncObjSignal)
                  20013470    0000001e                  : cc_pal.obj (.text:cc_UDMAChannelSelect)
                  2001348e    0000001e     sysbios.aem4 : m3_Hwi_asm_switch.obj (.text:ti_sysbios_family_xxx_Hwi_switchAndRunFunc)
                  200134ac    0000001c     driverlib.a : timer.obj (.text:TimerValueGet)
                  200134c8    0000001c                 : uart.obj (.text:UARTCharGetNonBlocking)
                  200134e4    0000001c     simplelink.a : driver.obj (.text:_SlDrvStartMeasureTimeout)
                  20013500    0000001c     rtsv7M4_T_le_eabi.lib : memccpy.obj (.text)
                  2001351c    00000004     --HOLE-- [fill = 0]
                  20013520    0000001c     sysbios.aem4 : BIOS.obj (.text:ti_sysbios_family_arm_m3_Hwi_setPriority__E)
                  2001353c    00000004     --HOLE-- [fill = 0]
                  20013540    0000001c                  : BIOS.obj (.text:ti_sysbios_gates_GateMutex_Instance_init__E)
                  2001355c    0000001c     app_pem4.oem4 (.text:ti_sysbios_knl_Queue_Object__destruct__S)
                  20013578    0000001c     sysbios.aem4 : BIOS.obj (.text:ti_sysbios_knl_Task_enter__I)
                  20013594    0000001c     driverlib.a : udma.obj (.text:uDMAChannelEnable)
                  200135b0    0000001c     ti.targets.arm.rtsarm.aem4 : Error.oem4 (.text:xdc_runtime_Error_raiseX__E)
                  200135cc    0000001c                                : Memory.oem4 (.text:xdc_runtime_Memory_valloc__E)
                  200135e8    0000001c                                : SysMin.oem4 (.text:xdc_runtime_SysMin_exit__E)
                  20013604    0000001c                                : System.oem4 (.text:xdc_runtime_System_abort__E)
                  20013620    0000001a     driverlib.a : gpio.obj (.text:GPIOIntEnable)
                  2001363a    0000001a                 : pin.obj (.text:PinTypeUART)
                  20013654    0000001a                 : spi.obj (.text:SPIDmaDisable)
                  2001366e    0000001a                 : spi.obj (.text:SPIDmaEnable)
                  20013688    0000001a                 : spi.obj (.text:SPIFIFODisable)
                  200136a2    0000001a                 : spi.obj (.text:SPIFIFOEnable)
                  200136bc    0000001a     app_pem4.oem4 (.text:ti_sysbios_family_arm_m3_Hwi_Handle__label__S)
                  200136d6    0000001a     sysbios.aem4 : m3_Hwi_asm.obj (.text:ti_sysbios_family_arm_m3_Hwi_pendSV__I)
                  200136f0    0000001a     app_pem4.oem4 (.text:ti_sysbios_gates_GateHwi_Handle__label__S)
                  2001370a    0000001a     app_pem4.oem4 (.text:ti_sysbios_gates_GateMutex_Handle__label__S)
                  20013724    0000001a     app_pem4.oem4 (.text:ti_sysbios_heaps_HeapMem_Handle__label__S)
                  2001373e    0000001a     app_pem4.oem4 (.text:ti_sysbios_knl_Swi_Handle__label__S)
                  20013758    0000001a     app_pem4.oem4 (.text:ti_sysbios_knl_Task_Handle__label__S)
                  20013772    00000006     rtsv7M4_T_le_eabi.lib : copy_decompress_rle.obj (.text:decompress:rle24)
                  20013778    0000001a     sysbios.aem4 : BIOS.obj (.text:ti_sysbios_knl_Task_sleepTimeout__I)
                  20013792    0000001a     app_pem4.oem4 (.text:xdc_runtime_LoggerBuf_Handle__label__S)
                  200137ac    0000001a     app_pem4.oem4 (.text:xdc_runtime_System_aprintf__E)
                  200137c6    0000001a     app_pem4.oem4 (.text:xdc_runtime_System_printf__E)
                  200137e0    00000018     driverlib.a : gpio.obj (.text:GPIOPinRead)
                  200137f8    00000018                 : spi.obj (.text:SPICSDisable)
                  20013810    00000018                 : spi.obj (.text:SPICSEnable)
                  20013828    00000018                 : spi.obj (.text:SPIDisable)
                  20013840    00000018                 : spi.obj (.text:SPIEnable)
                  20013858    00000018                 : uart.obj (.text:UARTCharsAvail)
                  20013870    00000018     simplelink.a : device.obj (.text:_sl_GetStartResponseConvert)
                  20013888    00000018     app_pem4.oem4 (.text:free)
                  200138a0    00000018     rtsv7M4_T_le_eabi.lib : args_main.obj (.text)
                  200138b8    00000018                           : strcmp.obj (.text)
                  200138d0    00000018     app_pem4.oem4 (.text:ti_sysbios_BIOS_rtsUnlock__I)
                  200138e8    00000018     app_pem4.oem4 (.text:ti_sysbios_family_arm_m3_Hwi_Module__startupDone__F)
                  20013900    00000018     app_pem4.oem4 (.text:ti_sysbios_family_arm_m3_Timer_Module__startupDone__F)
                  20013918    00000018     sysbios.aem4 : BIOS.obj (.text:ti_sysbios_gates_GateMutex_leave__E)
                  20013930    00000018     ti.targets.arm.rtsarm.aem4 : Error.oem4 (.text:xdc_runtime_Error_check__E)
                  20013948    00000018                                : System.oem4 (.text:xdc_runtime_System_exit__E)
                  20013960    00000018                                : Text.oem4 (.text:xdc_runtime_Text_ropeText__E)
                  20013978    00000016     driverlib.a : prcm.obj (.text:PRCMHIBRegRead)
                  2001398e    00000016                 : prcm.obj (.text:PRCMHIBRegWrite)
                  200139a4    00000016     simplelink.a : driver.obj (.text:_SlDrvMemZero)
                  200139ba    00000016     rtsv7M4_T_le_eabi.lib : strchr.obj (.text)
                  200139d0    00000016     app_pem4.oem4 (.text:ti_sysbios_BIOS_exitFunc__I)
                  200139e6    00000014     driverlib.a : cpu.obj (.text:CPUcpsie)
                  200139fa    00000014                 : gpio.obj (.text:GPIOIntClear)
                  20013a0e    00000002     --HOLE-- [fill = 0]
                  20013a10    00000014     rtsv7M4_T_le_eabi.lib : _lock.obj (.text)
                  20013a24    00000014                           : strcpy.obj (.text)
                  20013a38    00000014                           : strlen.obj (.text)
                  20013a4c    00000014     app_pem4.oem4 (.text:ti_sysbios_family_arm_m3_Hwi_Object__get__S)
                  20013a60    00000014     sysbios.aem4 : BIOS.obj (.text:ti_sysbios_family_arm_m3_Hwi_switchFromBootStack__E)
                  20013a74    00000014     app_pem4.oem4 (.text:ti_sysbios_heaps_HeapMem_Object__get__S)
                  20013a88    00000014     app_pem4.oem4 (.text:ti_sysbios_knl_Swi_Object__get__S)
                  20013a9c    00000014     app_pem4.oem4 (.text:xdc_runtime_LoggerBuf_Object__get__S)
                  20013ab0    00000012     sysbios.aem4 : BIOS.obj (.text:ti_sysbios_hal_Hwi_Module_startup__E)
                  20013ac2    00000006     ti.targets.arm.rtsarm.aem4 : System.oem4 (.text:xdc_runtime_System_Module_startup__E)
                  20013ac8    00000012     sysbios.aem4 : BIOS.obj (.text:ti_sysbios_hal_Timer_Module_startup__E)
                  20013ada    00000012     ti.targets.arm.rtsarm.aem4 : LoggerBuf.oem4 (.text:xdc_runtime_LoggerBuf_Instance_finalize__E)
                  20013aec    00000012                                : LoggerBuf.oem4 (.text:xdc_runtime_LoggerBuf_write1__E)
                  20013afe    00000012                                : LoggerBuf.oem4 (.text:xdc_runtime_LoggerBuf_write2__E)
                  20013b10    00000012     app_pem4.oem4 (.text:xdc_runtime_Startup_exec__I)
                  20013b22    00000010     simplelink.a : driver.obj (.text:_SlDrvDispatchHttpServerEvents)
                  20013b32    00000006     --HOLE-- [fill = 0]
                  20013b38    00000010     sysbios.aem4 : BIOS.obj (.text:ti_sysbios_BIOS_setThreadType__E)
                  20013b48    00000010                  : BIOS.obj (.text:ti_sysbios_BIOS_start__E)
                  20013b58    00000010                  : BIOS.obj (.text:ti_sysbios_family_arm_m3_Hwi_getHandle__E)
                  20013b68    00000010                  : m3_TaskSupport_asm.obj (.text:ti_sysbios_family_arm_m3_TaskSupport_glue)
                  20013b78    00000010                  : m3_TaskSupport_asm.obj (.text:ti_sysbios_family_arm_m3_TaskSupport_swap__E)
                  20013b88    00000010                  : BIOS.obj (.text:ti_sysbios_gates_GateMutex_Instance_finalize__E)
                  20013b98    00000010     app_pem4.oem4 (.text:ti_sysbios_knl_Mailbox_Object__get__S)
                  20013ba8    00000010     sysbios.aem4 : BIOS.obj (.text:ti_sysbios_knl_Semaphore_Instance_finalize__E)
                  20013bb8    00000010                  : BIOS.obj (.text:ti_sysbios_knl_Swi_disable__E)
                  20013bc8    00000010     app_pem4.oem4 (.text:ti_sysbios_knl_Task_Object__get__S)
                  20013bd8    00000010     sysbios.aem4 : BIOS.obj (.text:ti_sysbios_knl_Task_disable__E)
                  20013be8    00000010     ti.targets.arm.rtsarm.aem4 : Gate.oem4 (.text:xdc_runtime_Gate_leaveSystem__E)
                  20013bf8    00000010                                : LoggerBuf.oem4 (.text:xdc_runtime_LoggerBuf_write0__E)
                  20013c08    00000010                                : Memory.oem4 (.text:xdc_runtime_Memory_free__E)
                  20013c18    00000010                                : SysMin.oem4 (.text:xdc_runtime_SysMin_ready__E)
                  20013c28    00000010                                : System.oem4 (.text:xdc_runtime_System_vsnprintf__E)
                  20013c38    00000010     app_pem4.oem4 (.text:xdc_runtime_Text_visitRope__I)
                  20013c48    0000000e     simplelink.a : driver.obj (.text:_SlDrvResetCmdExt)
                  20013c56    0000000e     rtsv7M4_T_le_eabi.lib : copy_decompress_none.obj (.text:decompress:none)
                  20013c64    00000004     --HOLE-- [fill = 0]
                  20013c68    0000000e     sysbios.aem4 : BIOS.obj (.text:ti_sysbios_knl_Idle_loop__E)
                  20013c76    00000002     --HOLE-- [fill = 0]
                  20013c78    0000000e                  : BIOS.obj (.text:ti_sysbios_knl_Queue_empty__E)
                  20013c86    00000002     --HOLE-- [fill = 0]
                  20013c88    0000000c     simplelink.a : cc_pal.obj (.text:NwpMaskInterrupt)
                  20013c94    0000000c                  : cc_pal.obj (.text:NwpUnMaskInterrupt)
                  20013ca0    0000000c     rtsv7M4_T_le_eabi.lib : copy_zero_init.obj (.text:decompress:ZI)
                  20013cac    0000000c     app_pem4.oem4 (.text:ti_sysbios_family_arm_m3_Hwi_Params__init__S)
                  20013cb8    0000000c     sysbios.aem4 : BIOS.obj (.text:ti_sysbios_family_arm_m3_Hwi_disableFxn__E)
                  20013cc4    00000004     --HOLE-- [fill = 0]
                  20013cc8    0000000c                  : BIOS.obj (.text:ti_sysbios_family_arm_m3_TaskSupport_checkStack__E)
                  20013cd4    00000004     --HOLE-- [fill = 0]
                  20013cd8    0000000c                  : BIOS.obj (.text:ti_sysbios_family_arm_m3_TaskSupport_getStackAlignment__E)
                  20013ce4    00000004     --HOLE-- [fill = 0]
                  20013ce8    0000000c                  : BIOS.obj (.text:ti_sysbios_gates_GateHwi_enter__E)
                  20013cf4    0000000c     app_pem4.oem4 (.text:ti_sysbios_knl_Queue_Object__get__S)
                  20013d00    0000000c     app_pem4.oem4 (.text:ti_sysbios_knl_Semaphore_Params__init__S)
                  20013d0c    0000000c     app_pem4.oem4 (.text:ti_sysbios_knl_Task_Params__init__S)
                  20013d18    0000000c     ti.targets.arm.rtsarm.aem4 : Error.oem4 (.text:xdc_runtime_Error_init__E)
                  20013d24    0000000c                                : Gate.oem4 (.text:xdc_runtime_Gate_enterSystem__E)
                  20013d30    0000000c                                : Memory.oem4 (.text:xdc_runtime_Memory_calloc__E)
                  20013d3c    0000000c                                : Memory.oem4 (.text:xdc_runtime_Memory_getMaxDefaultTypeAlign__E)
                  20013d48    0000000a     driverlib.a : interrupt.obj (.text:IntMasterEnable)
                  20013d52    0000000a     app_pem4.oem4 (.text:xdc_runtime_IHeap_alloc)
                  20013d5c    0000000a     app_pem4.oem4 (.text:xdc_runtime_IHeap_free)
                  20013d66    0000000a     ti.targets.arm.rtsarm.aem4 : LoggerBuf.oem4 (.text:xdc_runtime_LoggerBuf_disable__E)
                  20013d70    0000000a                                : LoggerBuf.oem4 (.text:xdc_runtime_LoggerBuf_enable__E)
                  20013d7a    00000006     --HOLE-- [fill = 0]
                  20013d80    00000008     sysbios.aem4 : BIOS.obj (.text:ti_sysbios_family_arm_m3_Hwi_doSwiRestore__I)
                  20013d88    00000008                  : BIOS.obj (.text:ti_sysbios_family_arm_m3_Hwi_startup__E)
                  20013d90    00000006                  : BIOS.obj (.text:ti_sysbios_family_arm_m3_Hwi_restoreFxn__E)
                  20013d96    00000002     --HOLE-- [fill = 0]
                  20013d98    00000006                  : BIOS.obj (.text:ti_sysbios_gates_GateHwi_leave__E)
                  20013d9e    00000002     --HOLE-- [fill = 0]
                  20013da0    00000006                  : BIOS.obj (.text:ti_sysbios_heaps_HeapMem_isBlocking__E)
                  20013da6    00000002     --HOLE-- [fill = 0]
                  20013da8    00000006                  : BIOS.obj (.text:ti_sysbios_knl_Queue_Instance_init__E)
                  20013dae    00000002     --HOLE-- [fill = 0]
                  20013db0    00000004                  : BIOS.obj (.text:ti_sysbios_family_arm_m3_Timer_getMaxTicks__E)
                  20013db4    00000004     --HOLE-- [fill = 0]
                  20013db8    00000004                  : BIOS.obj (.text:ti_sysbios_gates_GateHwi_query__E)
                  20013dbc    00000004     --HOLE-- [fill = 0]
                  20013dc0    00000004                  : BIOS.obj (.text:ti_sysbios_gates_GateMutex_query__E)
                  20013dc4    00000004     --HOLE-- [fill = 0]
                  20013dc8    00000004                  : BIOS.obj (.text:ti_sysbios_knl_Task_startup__E)
                  20013dcc    00000004     --HOLE-- [fill = 0]
                  20013dd0    00000002                  : BIOS.obj (.text:ti_sysbios_gates_GateHwi_Instance_init__E)

.const     0    20013dd4    00002554     
                  20013dd4    000018cb     app_pem4.oem4 (.const:xdc_runtime_Text_charTab__A)
                  2001569f    00000101     rtsv7M4_T_le_eabi.lib : ctype.obj (.const:.string:_ctypes_)
                  200157a0    00000100     driverlib.a : pin.obj (.const:g_ulPinToPadMap)
                  200158a0    000000b8     app_pem4.oem4 (.const:xdc_runtime_Text_nodeTab__A)
                  20015958    000000a8     driverlib.a : prcm.obj (.const:PRCM_PeriphRegsList)
                  20015a00    00000080                 : interrupt.obj (.const)
                  20015a80    00000048     app_pem4.oem4 (.const:.string)
                  20015ac8    0000003c     simplelink.a : driver.obj (.const:OpcodeTranslateTable)
                  20015b04    0000003c     app_pem4.oem4 (.const:ti_sysbios_knl_Task_Object__PARAMS__C)
                  20015b40    0000003c     app_pem4.oem4 (.const:xdc_runtime_LoggerBuf_Module__FXNS__C)
                  20015b7c    00000038     simplelink.a : driver.obj (.const:_SlActionLookupTable)
                  20015bb4    00000034     app_pem4.oem4 (.const:ti_sysbios_knl_Mailbox_Object__PARAMS__C)
                  20015be8    00000030     app_pem4.oem4 (.const:ti_sysbios_family_arm_m3_Hwi_Object__PARAMS__C)
                  20015c18    00000030     app_pem4.oem4 (.const:xdc_runtime_Startup_sfxnTab__A)
                  20015c48    0000002c     sta_configure.obj (.const:$P$T1$2)
                  20015c74    00000028     app_pem4.oem4 (.const:ti_sysbios_heaps_HeapMem_Module__FXNS__C)
                  20015c9c    00000026     httpclient.obj (.const:.string)
                  20015cc2    00000002     app_pem4.oem4 (.const:ti_sysbios_family_arm_m3_Hwi_Module__id__C)
                  20015cc4    00000024     app_pem4.oem4 (.const:ti_sysbios_gates_GateHwi_Module__FXNS__C)
                  20015ce8    00000024     app_pem4.oem4 (.const:ti_sysbios_gates_GateMutex_Module__FXNS__C)
                  20015d0c    00000024     app_pem4.oem4 (.const:ti_sysbios_heaps_HeapMem_Object__PARAMS__C)
                  20015d30    00000024     app_pem4.oem4 (.const:ti_sysbios_knl_Semaphore_Object__PARAMS__C)
                  20015d54    00000024     app_pem4.oem4 (.const:xdc_runtime_LoggerBuf_Object__PARAMS__C)
                  20015d78    00000022     sta_configure.obj (.const:.string:$P$T0$1)
                  20015d9a    00000002     app_pem4.oem4 (.const:ti_sysbios_family_arm_m3_Hwi_Module__loggerDefined__C)
                  20015d9c    00000020     simplelink.a : driver.obj (.const:RxMsgClassLUT)
                  20015dbc    00000020     httpclient.obj (.const)
                  20015ddc    00000020     sta_configure.obj (.const)
                  20015dfc    00000020     app_pem4.oem4 (.const:ti_sysbios_family_arm_m3_Hwi_Object__DESC__C)
                  20015e1c    00000020     app_pem4.oem4 (.const:ti_sysbios_gates_GateHwi_Object__DESC__C)
                  20015e3c    00000020     app_pem4.oem4 (.const:ti_sysbios_gates_GateMutex_Object__DESC__C)
                  20015e5c    00000020     app_pem4.oem4 (.const:ti_sysbios_heaps_HeapMem_Object__DESC__C)
                  20015e7c    00000020     app_pem4.oem4 (.const:ti_sysbios_knl_Mailbox_Object__DESC__C)
                  20015e9c    00000020     app_pem4.oem4 (.const:ti_sysbios_knl_Queue_Object__DESC__C)
                  20015ebc    00000020     app_pem4.oem4 (.const:ti_sysbios_knl_Semaphore_Object__DESC__C)
                  20015edc    00000020     app_pem4.oem4 (.const:ti_sysbios_knl_Task_Object__DESC__C)
                  20015efc    00000020     app_pem4.oem4 (.const:xdc_runtime_LoggerBuf_Object__DESC__C)
                  20015f1c    0000001f     sta_configure.obj (.const:.string)
                  20015f3b    00000001     app_pem4.oem4 (.const:xdc_runtime_Error_policy__C)
                  20015f3c    00000018     driverlib.a : spi.obj (.const)
                  20015f54    00000018     app_pem4.oem4 (.const:ti_sysbios_gates_GateHwi_Object__PARAMS__C)
                  20015f6c    00000018     app_pem4.oem4 (.const:ti_sysbios_gates_GateMutex_Object__PARAMS__C)
                  20015f84    00000018     app_pem4.oem4 (.const:ti_sysbios_knl_Queue_Object__PARAMS__C)
                  20015f9c    00000018     app_pem4.oem4 (.const:xdc_runtime_Startup_sfxnRts__A)
                  20015fb4    00000014     simplelink.a : driver.obj (.const:$P$T0$1)
                  20015fc8    00000010                  : socket.obj (.const:.string:_SlPayloadByProtocolLUT)
                  20015fd8    00000010     webclient.a : httpcli.obj (.const)
                  20015fe8    0000000c     app_pem4.oem4 (.const:xdc_runtime_Startup_firstFxns__A)
                  20015ff4    00000008     webclient.a : httpcli.obj (.const:.string)
                  20015ffc    00000008     simplelink.a : device.obj (.const:StartResponseLUT)
                  20016004    00000008                  : driver.obj (.const:g_H2NCnysPattern)
                  2001600c    00000008                  : driver.obj (.const:g_H2NSyncPattern)
                  20016014    00000008     app_pem4.oem4 (.const:ti_sysbios_family_arm_m3_Hwi_excHookFuncs__A)
                  2001601c    00000008     app_pem4.oem4 (.const:ti_sysbios_knl_Idle_funcList__C)
                  20016024    00000008     app_pem4.oem4 (.const:xdc_runtime_Startup_firstFxns__C)
                  2001602c    00000008     app_pem4.oem4 (.const:xdc_runtime_Startup_lastFxns__C)
                  20016034    00000005     main.obj (.const:.string)
                  20016039    00000001     --HOLE-- [fill = 0]
                  2001603a    00000004     simplelink.a : wlan.obj (.const:$P$T0$1)
                  2001603e    00000004                  : socket.obj (.const:$P$T2$3)
                  20016042    00000004                  : device.obj (.const:_SlDeviceGetCmdCtrl)
                  20016046    00000004                  : netapp.obj (.const:_SlGetHostByNameCtrl)
                  2001604a    00000004                  : netapp.obj (.const:_SlNetAppSendTokenValueCmdCtrl)
                  2001604e    00000004                  : netcfg.obj (.const:_SlNetCfgSetCmdCtrl)
                  20016052    00000004                  : wlan.obj (.const:_SlPolicySetCmdCtrl)
                  20016056    00000004                  : wlan.obj (.const:_SlProfileDelCmdCtrl)
                  2001605a    00000004                  : socket.obj (.const:_SlRecvCmdCtrl)
                  2001605e    00000004                  : netapp.obj (.const:_SlRegisterServiceCtrl)
                  20016062    00000004                  : wlan.obj (.const:_SlRxFilterSetCmdCtrl)
                  20016066    00000004                  : socket.obj (.const:_SlSendCmdCtrl)
                  2001606a    00000004                  : socket.obj (.const:_SlSetSockOptCmdCtrl)
                  2001606e    00000004                  : socket.obj (.const:_SlSockCloseCmdCtrl)
                  20016072    00000004                  : socket.obj (.const:_SlSockSocketCmdCtrl)
                  20016076    00000004                  : device.obj (.const:_SlStopCmdCtrl)
                  2001607a    00000004                  : wlan.obj (.const:_SlWlanCfgSetCmdCtrl)
                  2001607e    00000004                  : wlan.obj (.const:_SlWlanSetModeCmdCtrl)
                  20016082    00000002     app_pem4.oem4 (.const:ti_sysbios_family_arm_m3_Timer_Module__id__C)
                  20016084    00000004     app_pem4.oem4 (.const:ti_sysbios_family_arm_m3_Hwi_E_NMI__C)
                  20016088    00000004     app_pem4.oem4 (.const:ti_sysbios_family_arm_m3_Hwi_E_alreadyDefined__C)
                  2001608c    00000004     app_pem4.oem4 (.const:ti_sysbios_family_arm_m3_Hwi_E_busFault__C)
                  20016090    00000004     app_pem4.oem4 (.const:ti_sysbios_family_arm_m3_Hwi_E_debugMon__C)
                  20016094    00000004     app_pem4.oem4 (.const:ti_sysbios_family_arm_m3_Hwi_E_hardFault__C)
                  20016098    00000004     app_pem4.oem4 (.const:ti_sysbios_family_arm_m3_Hwi_E_memFault__C)
                  2001609c    00000004     app_pem4.oem4 (.const:ti_sysbios_family_arm_m3_Hwi_E_noIsr__C)
                  200160a0    00000004     app_pem4.oem4 (.const:ti_sysbios_family_arm_m3_Hwi_E_reserved__C)
                  200160a4    00000004     app_pem4.oem4 (.const:ti_sysbios_family_arm_m3_Hwi_E_svCall__C)
                  200160a8    00000004     app_pem4.oem4 (.const:ti_sysbios_family_arm_m3_Hwi_E_usageFault__C)
                  200160ac    00000004     app_pem4.oem4 (.const:ti_sysbios_family_arm_m3_Hwi_LD_end__C)
                  200160b0    00000004     app_pem4.oem4 (.const:ti_sysbios_family_arm_m3_Hwi_LM_begin__C)
                  200160b4    00000004     app_pem4.oem4 (.const:ti_sysbios_family_arm_m3_Hwi_Module__diagsEnabled__C)
                  200160b8    00000004     app_pem4.oem4 (.const:ti_sysbios_family_arm_m3_Hwi_Module__diagsIncluded__C)
                  200160bc    00000004     app_pem4.oem4 (.const:ti_sysbios_family_arm_m3_Hwi_Module__diagsMask__C)
                  200160c0    00000004     app_pem4.oem4 (.const:ti_sysbios_family_arm_m3_Hwi_Module__loggerFxn1__C)
                  200160c4    00000004     app_pem4.oem4 (.const:ti_sysbios_family_arm_m3_Hwi_Module__loggerFxn8__C)
                  200160c8    00000004     app_pem4.oem4 (.const:ti_sysbios_family_arm_m3_Hwi_Module__loggerObj__C)
                  200160cc    00000004     app_pem4.oem4 (.const:ti_sysbios_family_arm_m3_Hwi_NUM_INTERRUPTS__C)
                  200160d0    00000004     app_pem4.oem4 (.const:ti_sysbios_family_arm_m3_Hwi_Object__count__C)
                  200160d4    00000004     app_pem4.oem4 (.const:ti_sysbios_family_arm_m3_Hwi_ccr__C)
                  200160d8    00000004     app_pem4.oem4 (.const:ti_sysbios_family_arm_m3_Hwi_excHandlerFunc__C)
                  200160dc    00000004     app_pem4.oem4 (.const:ti_sysbios_family_arm_m3_Hwi_excHookFuncs__C)
                  200160e0    00000004     app_pem4.oem4 (.const:ti_sysbios_family_arm_m3_Hwi_nullIsrFunc__C)
                  200160e4    00000004     app_pem4.oem4 (.const:ti_sysbios_family_arm_m3_Hwi_priGroup__C)
                  200160e8    00000004     app_pem4.oem4 (.const:ti_sysbios_family_arm_m3_TaskSupport_stackAlignment__C)
                  200160ec    00000004     app_pem4.oem4 (.const:ti_sysbios_family_arm_m3_Timer_E_cannotSupport__C)
                  200160f0    00000004     app_pem4.oem4 (.const:ti_sysbios_family_arm_m3_Timer_startupNeeded__C)
                  200160f4    00000004     app_pem4.oem4 (.const:ti_sysbios_gates_GateMutex_A_badContext__C)
                  200160f8    00000004     app_pem4.oem4 (.const:ti_sysbios_gates_GateMutex_Instance_State_sem__O)
                  200160fc    00000004     app_pem4.oem4 (.const:ti_sysbios_gates_GateMutex_Module__diagsEnabled__C)
                  20016100    00000004     app_pem4.oem4 (.const:ti_sysbios_gates_GateMutex_Module__diagsIncluded__C)
                  20016104    00000004     app_pem4.oem4 (.const:ti_sysbios_gates_GateMutex_Module__diagsMask__C)
                  20016108    00000004     app_pem4.oem4 (.const:ti_sysbios_hal_Hwi_E_stackOverflow__C)
                  2001610c    00000004     app_pem4.oem4 (.const:ti_sysbios_heaps_HeapMem_A_align__C)
                  20016110    00000004     app_pem4.oem4 (.const:ti_sysbios_heaps_HeapMem_A_heapSize__C)
                  20016114    00000004     app_pem4.oem4 (.const:ti_sysbios_heaps_HeapMem_A_invalidFree__C)
                  20016118    00000004     app_pem4.oem4 (.const:ti_sysbios_heaps_HeapMem_A_zeroBlock__C)
                  2001611c    00000004     app_pem4.oem4 (.const:ti_sysbios_heaps_HeapMem_E_memory__C)
                  20016120    00000004     app_pem4.oem4 (.const:ti_sysbios_heaps_HeapMem_Module__diagsEnabled__C)
                  20016124    00000004     app_pem4.oem4 (.const:ti_sysbios_heaps_HeapMem_Module__diagsIncluded__C)
                  20016128    00000004     app_pem4.oem4 (.const:ti_sysbios_heaps_HeapMem_Module__diagsMask__C)
                  2001612c    00000004     app_pem4.oem4 (.const:ti_sysbios_heaps_HeapMem_Module__gateObj__C)
                  20016130    00000004     app_pem4.oem4 (.const:ti_sysbios_heaps_HeapMem_Object__count__C)
                  20016134    00000004     app_pem4.oem4 (.const:ti_sysbios_heaps_HeapMem_reqAlign__C)
                  20016138    00000004     app_pem4.oem4 (.const:ti_sysbios_knl_Clock_LM_begin__C)
                  2001613c    00000004     app_pem4.oem4 (.const:ti_sysbios_knl_Clock_LM_tick__C)
                  20016140    00000004     app_pem4.oem4 (.const:ti_sysbios_knl_Clock_LW_delayed__C)
                  20016144    00000004     app_pem4.oem4 (.const:ti_sysbios_knl_Clock_Module_State_clockQ__O)
                  20016148    00000004     app_pem4.oem4 (.const:ti_sysbios_knl_Clock_Module__diagsEnabled__C)
                  2001614c    00000004     app_pem4.oem4 (.const:ti_sysbios_knl_Clock_Module__diagsIncluded__C)
                  20016150    00000004     app_pem4.oem4 (.const:ti_sysbios_knl_Clock_Module__diagsMask__C)
                  20016154    00000004     app_pem4.oem4 (.const:ti_sysbios_knl_Clock_Module__loggerFxn1__C)
                  20016158    00000004     app_pem4.oem4 (.const:ti_sysbios_knl_Clock_Module__loggerFxn2__C)
                  2001615c    00000004     app_pem4.oem4 (.const:ti_sysbios_knl_Clock_Module__loggerObj__C)
                  20016160    00000004     app_pem4.oem4 (.const:ti_sysbios_knl_Clock_tickPeriod__C)
                  20016164    00000004     app_pem4.oem4 (.const:ti_sysbios_knl_Idle_funcList__A)
                  20016168    00000004     app_pem4.oem4 (.const:ti_sysbios_knl_Mailbox_A_invalidBufSize__C)
                  2001616c    00000004     app_pem4.oem4 (.const:ti_sysbios_knl_Mailbox_Instance_State_dataQue__O)
                  20016170    00000004     app_pem4.oem4 (.const:ti_sysbios_knl_Mailbox_Instance_State_dataSem__O)
                  20016174    00000004     app_pem4.oem4 (.const:ti_sysbios_knl_Mailbox_Instance_State_freeQue__O)
                  20016178    00000004     app_pem4.oem4 (.const:ti_sysbios_knl_Mailbox_Instance_State_freeSem__O)
                  2001617c    00000004     app_pem4.oem4 (.const:ti_sysbios_knl_Mailbox_Module__diagsEnabled__C)
                  20016180    00000004     app_pem4.oem4 (.const:ti_sysbios_knl_Mailbox_Module__diagsIncluded__C)
                  20016184    00000004     app_pem4.oem4 (.const:ti_sysbios_knl_Mailbox_Module__diagsMask__C)
                  20016188    00000004     app_pem4.oem4 (.const:ti_sysbios_knl_Mailbox_Object__count__C)
                  2001618c    00000004     app_pem4.oem4 (.const:ti_sysbios_knl_Mailbox_maxTypeAlign__C)
                  20016190    00000004     app_pem4.oem4 (.const:ti_sysbios_knl_Semaphore_A_badContext__C)
                  20016194    00000004     app_pem4.oem4 (.const:ti_sysbios_knl_Semaphore_A_noEvents__C)
                  20016198    00000004     app_pem4.oem4 (.const:ti_sysbios_knl_Semaphore_A_overflow__C)
                  2001619c    00000004     app_pem4.oem4 (.const:ti_sysbios_knl_Semaphore_A_pendTaskDisabled__C)
                  200161a0    00000004     app_pem4.oem4 (.const:ti_sysbios_knl_Semaphore_Instance_State_pendQ__O)
                  200161a4    00000004     app_pem4.oem4 (.const:ti_sysbios_knl_Semaphore_LM_pend__C)
                  200161a8    00000004     app_pem4.oem4 (.const:ti_sysbios_knl_Semaphore_LM_post__C)
                  200161ac    00000004     app_pem4.oem4 (.const:ti_sysbios_knl_Semaphore_Module__diagsEnabled__C)
                  200161b0    00000004     app_pem4.oem4 (.const:ti_sysbios_knl_Semaphore_Module__diagsIncluded__C)
                  200161b4    00000004     app_pem4.oem4 (.const:ti_sysbios_knl_Semaphore_Module__diagsMask__C)
                  200161b8    00000004     app_pem4.oem4 (.const:ti_sysbios_knl_Semaphore_Module__loggerFxn2__C)
                  200161bc    00000004     app_pem4.oem4 (.const:ti_sysbios_knl_Semaphore_Module__loggerFxn4__C)
                  200161c0    00000004     app_pem4.oem4 (.const:ti_sysbios_knl_Semaphore_Module__loggerObj__C)
                  200161c4    00000004     app_pem4.oem4 (.const:ti_sysbios_knl_Swi_LD_end__C)
                  200161c8    00000004     app_pem4.oem4 (.const:ti_sysbios_knl_Swi_LM_begin__C)
                  200161cc    00000004     app_pem4.oem4 (.const:ti_sysbios_knl_Swi_LM_post__C)
                  200161d0    00000004     app_pem4.oem4 (.const:ti_sysbios_knl_Swi_Module__diagsEnabled__C)
                  200161d4    00000004     app_pem4.oem4 (.const:ti_sysbios_knl_Swi_Module__diagsIncluded__C)
                  200161d8    00000004     app_pem4.oem4 (.const:ti_sysbios_knl_Swi_Module__diagsMask__C)
                  200161dc    00000004     app_pem4.oem4 (.const:ti_sysbios_knl_Swi_Module__loggerFxn1__C)
                  200161e0    00000004     app_pem4.oem4 (.const:ti_sysbios_knl_Swi_Module__loggerFxn4__C)
                  200161e4    00000004     app_pem4.oem4 (.const:ti_sysbios_knl_Swi_Module__loggerObj__C)
                  200161e8    00000004     app_pem4.oem4 (.const:ti_sysbios_knl_Swi_Object__count__C)
                  200161ec    00000004     app_pem4.oem4 (.const:ti_sysbios_knl_Task_A_badPriority__C)
                  200161f0    00000004     app_pem4.oem4 (.const:ti_sysbios_knl_Task_A_badTaskState__C)
                  200161f4    00000004     app_pem4.oem4 (.const:ti_sysbios_knl_Task_A_badThreadType__C)
                  200161f8    00000004     app_pem4.oem4 (.const:ti_sysbios_knl_Task_A_badTimeout__C)
                  200161fc    00000004     app_pem4.oem4 (.const:ti_sysbios_knl_Task_A_noPendElem__C)
                  20016200    00000004     app_pem4.oem4 (.const:ti_sysbios_knl_Task_A_sleepTaskDisabled__C)
                  20016204    00000004     app_pem4.oem4 (.const:ti_sysbios_knl_Task_E_spOutOfBounds__C)
                  20016208    00000004     app_pem4.oem4 (.const:ti_sysbios_knl_Task_E_stackOverflow__C)
                  2001620c    00000004     app_pem4.oem4 (.const:ti_sysbios_knl_Task_LD_block__C)
                  20016210    00000004     app_pem4.oem4 (.const:ti_sysbios_knl_Task_LD_exit__C)
                  20016214    00000004     app_pem4.oem4 (.const:ti_sysbios_knl_Task_LD_ready__C)
                  20016218    00000004     app_pem4.oem4 (.const:ti_sysbios_knl_Task_LM_sleep__C)
                  2001621c    00000004     app_pem4.oem4 (.const:ti_sysbios_knl_Task_LM_switch__C)
                  20016220    00000004     app_pem4.oem4 (.const:ti_sysbios_knl_Task_LM_yield__C)
                  20016224    00000004     app_pem4.oem4 (.const:ti_sysbios_knl_Task_Module_State_inactiveQ__O)
                  20016228    00000004     app_pem4.oem4 (.const:ti_sysbios_knl_Task_Module__diagsEnabled__C)
                  2001622c    00000004     app_pem4.oem4 (.const:ti_sysbios_knl_Task_Module__diagsIncluded__C)
                  20016230    00000004     app_pem4.oem4 (.const:ti_sysbios_knl_Task_Module__diagsMask__C)
                  20016234    00000004     app_pem4.oem4 (.const:ti_sysbios_knl_Task_Module__loggerFxn2__C)
                  20016238    00000004     app_pem4.oem4 (.const:ti_sysbios_knl_Task_Module__loggerFxn4__C)
                  2001623c    00000004     app_pem4.oem4 (.const:ti_sysbios_knl_Task_Module__loggerObj__C)
                  20016240    00000004     app_pem4.oem4 (.const:ti_sysbios_knl_Task_Object__count__C)
                  20016244    00000004     app_pem4.oem4 (.const:ti_sysbios_knl_Task_allBlockedFunc__C)
                  20016248    00000004     app_pem4.oem4 (.const:ti_sysbios_knl_Task_defaultStackHeap__C)
                  2001624c    00000004     app_pem4.oem4 (.const:ti_sysbios_knl_Task_defaultStackSize__C)
                  20016250    00000004     app_pem4.oem4 (.const:ti_sysbios_knl_Task_numConstructedTasks__C)
                  20016254    00000004     app_pem4.oem4 (.const:xdc_runtime_Assert_E_assertFailed__C)
                  20016258    00000004     app_pem4.oem4 (.const:xdc_runtime_Core_A_initializedParams__C)
                  2001625c    00000004     app_pem4.oem4 (.const:xdc_runtime_Core_Module__diagsEnabled__C)
                  20016260    00000004     app_pem4.oem4 (.const:xdc_runtime_Core_Module__diagsIncluded__C)
                  20016264    00000004     app_pem4.oem4 (.const:xdc_runtime_Core_Module__diagsMask__C)
                  20016268    00000004     app_pem4.oem4 (.const:xdc_runtime_Error_E_memory__C)
                  2001626c    00000004     app_pem4.oem4 (.const:xdc_runtime_Error_Module__diagsEnabled__C)
                  20016270    00000004     app_pem4.oem4 (.const:xdc_runtime_Error_Module__diagsIncluded__C)
                  20016274    00000004     app_pem4.oem4 (.const:xdc_runtime_Error_Module__diagsMask__C)
                  20016278    00000004     app_pem4.oem4 (.const:xdc_runtime_Error_Module__loggerFxn8__C)
                  2001627c    00000004     app_pem4.oem4 (.const:xdc_runtime_Error_Module__loggerObj__C)
                  20016280    00000004     app_pem4.oem4 (.const:xdc_runtime_Error_policyFxn__C)
                  20016284    00000004     app_pem4.oem4 (.const:xdc_runtime_Error_raiseHook__C)
                  20016288    00000004     app_pem4.oem4 (.const:xdc_runtime_IFilterLogger_Interface__BASE__C)
                  2001628c    00000004     app_pem4.oem4 (.const:xdc_runtime_IGateProvider_Interface__BASE__C)
                  20016290    00000004     app_pem4.oem4 (.const:xdc_runtime_IHeap_Interface__BASE__C)
                  20016294    00000004     app_pem4.oem4 (.const:xdc_runtime_ILogger_Interface__BASE__C)
                  20016298    00000004     app_pem4.oem4 (.const:xdc_runtime_IModule_Interface__BASE__C)
                  2001629c    00000004     app_pem4.oem4 (.const:xdc_runtime_Log_L_error__C)
                  200162a0    00000004     app_pem4.oem4 (.const:xdc_runtime_LoggerBuf_E_badLevel__C)
                  200162a4    00000004     app_pem4.oem4 (.const:xdc_runtime_LoggerBuf_Module__gateObj__C)
                  200162a8    00000004     app_pem4.oem4 (.const:xdc_runtime_LoggerBuf_Object__count__C)
                  200162ac    00000004     app_pem4.oem4 (.const:xdc_runtime_LoggerBuf_statusLogger__C)
                  200162b0    00000004     app_pem4.oem4 (.const:xdc_runtime_Memory_defaultHeapInstance__C)
                  200162b4    00000004     app_pem4.oem4 (.const:xdc_runtime_Startup_execImpl__C)
                  200162b8    00000004     app_pem4.oem4 (.const:xdc_runtime_Startup_maxPasses__C)
                  200162bc    00000004     app_pem4.oem4 (.const:xdc_runtime_Startup_sfxnRts__C)
                  200162c0    00000004     app_pem4.oem4 (.const:xdc_runtime_Startup_sfxnTab__C)
                  200162c4    00000004     app_pem4.oem4 (.const:xdc_runtime_SysMin_bufSize__C)
                  200162c8    00000004     app_pem4.oem4 (.const:xdc_runtime_SysMin_outputFunc__C)
                  200162cc    00000004     app_pem4.oem4 (.const:xdc_runtime_System_Module__gateObj__C)
                  200162d0    00000004     app_pem4.oem4 (.const:xdc_runtime_System_abortFxn__C)
                  200162d4    00000004     app_pem4.oem4 (.const:xdc_runtime_System_exitFxn__C)
                  200162d8    00000004     app_pem4.oem4 (.const:xdc_runtime_System_extendFxn__C)
                  200162dc    00000004     app_pem4.oem4 (.const:xdc_runtime_System_maxAtexitHandlers__C)
                  200162e0    00000004     app_pem4.oem4 (.const:xdc_runtime_Text_charTab__C)
                  200162e4    00000004     app_pem4.oem4 (.const:xdc_runtime_Text_nameEmpty__C)
                  200162e8    00000004     app_pem4.oem4 (.const:xdc_runtime_Text_nameStatic__C)
                  200162ec    00000004     app_pem4.oem4 (.const:xdc_runtime_Text_nameUnknown__C)
                  200162f0    00000004     app_pem4.oem4 (.const:xdc_runtime_Text_nodeTab__C)
                  200162f4    00000004     app_pem4.oem4 (.const:xdc_runtime_Text_visitRopeFxn__C)
                  200162f8    00000002     app_pem4.oem4 (.const:ti_sysbios_family_arm_m3_TimestampProvider_configTimer__C)
                  200162fa    00000002     app_pem4.oem4 (.const:ti_sysbios_gates_GateMutex_Module__id__C)
                  200162fc    00000002     app_pem4.oem4 (.const:ti_sysbios_hal_Hwi_Module__id__C)
                  200162fe    00000002     app_pem4.oem4 (.const:ti_sysbios_heaps_HeapMem_Module__id__C)
                  20016300    00000002     app_pem4.oem4 (.const:ti_sysbios_knl_Clock_Module__id__C)
                  20016302    00000002     app_pem4.oem4 (.const:ti_sysbios_knl_Clock_Module__loggerDefined__C)
                  20016304    00000002     app_pem4.oem4 (.const:ti_sysbios_knl_Mailbox_Module__id__C)
                  20016306    00000002     app_pem4.oem4 (.const:ti_sysbios_knl_Semaphore_Module__id__C)
                  20016308    00000002     app_pem4.oem4 (.const:ti_sysbios_knl_Semaphore_Module__loggerDefined__C)
                  2001630a    00000002     app_pem4.oem4 (.const:ti_sysbios_knl_Swi_Module__id__C)
                  2001630c    00000002     app_pem4.oem4 (.const:ti_sysbios_knl_Swi_Module__loggerDefined__C)
                  2001630e    00000002     app_pem4.oem4 (.const:ti_sysbios_knl_Task_Module__id__C)
                  20016310    00000002     app_pem4.oem4 (.const:ti_sysbios_knl_Task_Module__loggerDefined__C)
                  20016312    00000002     app_pem4.oem4 (.const:xdc_runtime_Core_Module__id__C)
                  20016314    00000002     app_pem4.oem4 (.const:xdc_runtime_Error_Module__loggerDefined__C)
                  20016316    00000002     app_pem4.oem4 (.const:xdc_runtime_Error_maxDepth__C)
                  20016318    00000002     app_pem4.oem4 (.const:xdc_runtime_LoggerBuf_Module__id__C)
                  2001631a    00000002     app_pem4.oem4 (.const:xdc_runtime_LoggerBuf_filterByLevel__C)
[...]
200160b8  ti_sysbios_family_arm_m3_Hwi_Module__diagsIncluded__C       
200160bc  ti_sysbios_family_arm_m3_Hwi_Module__diagsMask__C           
200160c0  ti_sysbios_family_arm_m3_Hwi_Module__loggerFxn1__C          
200160c4  ti_sysbios_family_arm_m3_Hwi_Module__loggerFxn8__C          
200160c8  ti_sysbios_family_arm_m3_Hwi_Module__loggerObj__C           
200160cc  ti_sysbios_family_arm_m3_Hwi_NUM_INTERRUPTS__C              
200160d0  ti_sysbios_family_arm_m3_Hwi_Object__count__C               
200160d4  ti_sysbios_family_arm_m3_Hwi_ccr__C                         
200160d8  ti_sysbios_family_arm_m3_Hwi_excHandlerFunc__C              
200160dc  ti_sysbios_family_arm_m3_Hwi_excHookFuncs__C                
200160e0  ti_sysbios_family_arm_m3_Hwi_nullIsrFunc__C                 
200160e4  ti_sysbios_family_arm_m3_Hwi_priGroup__C                    
200160e8  ti_sysbios_family_arm_m3_TaskSupport_stackAlignment__C      
200160ec  ti_sysbios_family_arm_m3_Timer_E_cannotSupport__C           
200160f0  ti_sysbios_family_arm_m3_Timer_startupNeeded__C             
200160f4  ti_sysbios_gates_GateMutex_A_badContext__C                  
200160f8  ti_sysbios_gates_GateMutex_Instance_State_sem__O            
200160fc  ti_sysbios_gates_GateMutex_Module__diagsEnabled__C          
20016100  ti_sysbios_gates_GateMutex_Module__diagsIncluded__C         
20016104  ti_sysbios_gates_GateMutex_Module__diagsMask__C             
20016108  ti_sysbios_hal_Hwi_E_stackOverflow__C                       
2001610c  ti_sysbios_heaps_HeapMem_A_align__C                         
20016110  ti_sysbios_heaps_HeapMem_A_heapSize__C                      
20016114  ti_sysbios_heaps_HeapMem_A_invalidFree__C                   
20016118  ti_sysbios_heaps_HeapMem_A_zeroBlock__C                     
2001611c  ti_sysbios_heaps_HeapMem_E_memory__C                        
20016120  ti_sysbios_heaps_HeapMem_Module__diagsEnabled__C            
20016124  ti_sysbios_heaps_HeapMem_Module__diagsIncluded__C           
20016128  ti_sysbios_heaps_HeapMem_Module__diagsMask__C               
2001612c  ti_sysbios_heaps_HeapMem_Module__gateObj__C                 
20016130  ti_sysbios_heaps_HeapMem_Object__count__C                   
20016134  ti_sysbios_heaps_HeapMem_reqAlign__C                        
20016138  ti_sysbios_knl_Clock_LM_begin__C                            
2001613c  ti_sysbios_knl_Clock_LM_tick__C                             
20016140  ti_sysbios_knl_Clock_LW_delayed__C                          
20016144  ti_sysbios_knl_Clock_Module_State_clockQ__O                 
20016148  ti_sysbios_knl_Clock_Module__diagsEnabled__C                
2001614c  ti_sysbios_knl_Clock_Module__diagsIncluded__C               
20016150  ti_sysbios_knl_Clock_Module__diagsMask__C                   
20016154  ti_sysbios_knl_Clock_Module__loggerFxn1__C                  
20016158  ti_sysbios_knl_Clock_Module__loggerFxn2__C                  
2001615c  ti_sysbios_knl_Clock_Module__loggerObj__C                   
20016160  ti_sysbios_knl_Clock_tickPeriod__C                          
20016164  ti_sysbios_knl_Idle_funcList__A                             
20016168  ti_sysbios_knl_Mailbox_A_invalidBufSize__C                  
2001616c  ti_sysbios_knl_Mailbox_Instance_State_dataQue__O            
20016170  ti_sysbios_knl_Mailbox_Instance_State_dataSem__O            
20016174  ti_sysbios_knl_Mailbox_Instance_State_freeQue__O            
20016178  ti_sysbios_knl_Mailbox_Instance_State_freeSem__O            
2001617c  ti_sysbios_knl_Mailbox_Module__diagsEnabled__C              
20016180  ti_sysbios_knl_Mailbox_Module__diagsIncluded__C             
20016184  ti_sysbios_knl_Mailbox_Module__diagsMask__C                 
20016188  ti_sysbios_knl_Mailbox_Object__count__C                     
2001618c  ti_sysbios_knl_Mailbox_maxTypeAlign__C                      
20016190  ti_sysbios_knl_Semaphore_A_badContext__C                    
20016194  ti_sysbios_knl_Semaphore_A_noEvents__C                      
20016198  ti_sysbios_knl_Semaphore_A_overflow__C                      
2001619c  ti_sysbios_knl_Semaphore_A_pendTaskDisabled__C              
200161a0  ti_sysbios_knl_Semaphore_Instance_State_pendQ__O            
200161a4  ti_sysbios_knl_Semaphore_LM_pend__C                         
200161a8  ti_sysbios_knl_Semaphore_LM_post__C                         
200161ac  ti_sysbios_knl_Semaphore_Module__diagsEnabled__C            
200161b0  ti_sysbios_knl_Semaphore_Module__diagsIncluded__C           
200161b4  ti_sysbios_knl_Semaphore_Module__diagsMask__C               
200161b8  ti_sysbios_knl_Semaphore_Module__loggerFxn2__C              
200161bc  ti_sysbios_knl_Semaphore_Module__loggerFxn4__C              
200161c0  ti_sysbios_knl_Semaphore_Module__loggerObj__C               
200161c4  ti_sysbios_knl_Swi_LD_end__C                                
200161c8  ti_sysbios_knl_Swi_LM_begin__C                              
200161cc  ti_sysbios_knl_Swi_LM_post__C                               
200161d0  ti_sysbios_knl_Swi_Module__diagsEnabled__C                  
200161d4  ti_sysbios_knl_Swi_Module__diagsIncluded__C                 
200161d8  ti_sysbios_knl_Swi_Module__diagsMask__C                     
200161dc  ti_sysbios_knl_Swi_Module__loggerFxn1__C                    
200161e0  ti_sysbios_knl_Swi_Module__loggerFxn4__C                    
200161e4  ti_sysbios_knl_Swi_Module__loggerObj__C                     
200161e8  ti_sysbios_knl_Swi_Object__count__C                         
200161ec  ti_sysbios_knl_Task_A_badPriority__C                        
200161f0  ti_sysbios_knl_Task_A_badTaskState__C                       
200161f4  ti_sysbios_knl_Task_A_badThreadType__C                      
200161f8  ti_sysbios_knl_Task_A_badTimeout__C                         
200161fc  ti_sysbios_knl_Task_A_noPendElem__C                         
20016200  ti_sysbios_knl_Task_A_sleepTaskDisabled__C                  
20016204  ti_sysbios_knl_Task_E_spOutOfBounds__C                      
20016208  ti_sysbios_knl_Task_E_stackOverflow__C                      
2001620c  ti_sysbios_knl_Task_LD_block__C                             
20016210  ti_sysbios_knl_Task_LD_exit__C                              
20016214  ti_sysbios_knl_Task_LD_ready__C                             
20016218  ti_sysbios_knl_Task_LM_sleep__C                             
2001621c  ti_sysbios_knl_Task_LM_switch__C                            
20016220  ti_sysbios_knl_Task_LM_yield__C                             
20016224  ti_sysbios_knl_Task_Module_State_inactiveQ__O               
20016228  ti_sysbios_knl_Task_Module__diagsEnabled__C                 
2001622c  ti_sysbios_knl_Task_Module__diagsIncluded__C                
20016230  ti_sysbios_knl_Task_Module__diagsMask__C                    
20016234  ti_sysbios_knl_Task_Module__loggerFxn2__C                   
20016238  ti_sysbios_knl_Task_Module__loggerFxn4__C                   
2001623c  ti_sysbios_knl_Task_Module__loggerObj__C                    
20016240  ti_sysbios_knl_Task_Object__count__C                        
20016244  ti_sysbios_knl_Task_allBlockedFunc__C                       
20016248  ti_sysbios_knl_Task_defaultStackHeap__C                     
2001624c  ti_sysbios_knl_Task_defaultStackSize__C                     
20016250  ti_sysbios_knl_Task_numConstructedTasks__C                  
20016254  xdc_runtime_Assert_E_assertFailed__C                        
20016258  xdc_runtime_Core_A_initializedParams__C                     
2001625c  xdc_runtime_Core_Module__diagsEnabled__C                    
20016260  xdc_runtime_Core_Module__diagsIncluded__C                   
20016264  xdc_runtime_Core_Module__diagsMask__C                       
20016268  xdc_runtime_Error_E_memory__C                               
2001626c  xdc_runtime_Error_Module__diagsEnabled__C                   
20016270  xdc_runtime_Error_Module__diagsIncluded__C                  
20016274  xdc_runtime_Error_Module__diagsMask__C                      
20016278  xdc_runtime_Error_Module__loggerFxn8__C                     
2001627c  xdc_runtime_Error_Module__loggerObj__C                      
20016280  xdc_runtime_Error_policyFxn__C                              
20016284  xdc_runtime_Error_raiseHook__C                              
20016288  xdc_runtime_IFilterLogger_Interface__BASE__C                
2001628c  xdc_runtime_IGateProvider_Interface__BASE__C                
20016290  xdc_runtime_IHeap_Interface__BASE__C                        
20016294  xdc_runtime_ILogger_Interface__BASE__C                      
20016298  xdc_runtime_IModule_Interface__BASE__C                      
2001629c  xdc_runtime_Log_L_error__C                                  
200162a0  xdc_runtime_LoggerBuf_E_badLevel__C                         
200162a4  xdc_runtime_LoggerBuf_Module__gateObj__C                    
200162a8  xdc_runtime_LoggerBuf_Object__count__C                      
200162ac  xdc_runtime_LoggerBuf_statusLogger__C                       
200162b0  xdc_runtime_Memory_defaultHeapInstance__C                   
200162b4  xdc_runtime_Startup_execImpl__C                             
200162b8  xdc_runtime_Startup_maxPasses__C                            
200162bc  xdc_runtime_Startup_sfxnRts__C                              
200162c0  xdc_runtime_Startup_sfxnTab__C                              
200162c4  xdc_runtime_SysMin_bufSize__C                               
200162c8  xdc_runtime_SysMin_outputFunc__C                            
200162cc  xdc_runtime_System_Module__gateObj__C                       
200162d0  xdc_runtime_System_abortFxn__C                              
200162d4  xdc_runtime_System_exitFxn__C                               
200162d8  xdc_runtime_System_extendFxn__C                             
200162dc  xdc_runtime_System_maxAtexitHandlers__C                     
200162e0  xdc_runtime_Text_charTab__C                                 
200162e4  xdc_runtime_Text_nameEmpty__C                               
200162e8  xdc_runtime_Text_nameStatic__C                              
200162ec  xdc_runtime_Text_nameUnknown__C                             
200162f0  xdc_runtime_Text_nodeTab__C                                 
200162f4  xdc_runtime_Text_visitRopeFxn__C                            
200162f8  ti_sysbios_family_arm_m3_TimestampProvider_configTimer__C   
200162fa  ti_sysbios_gates_GateMutex_Module__id__C                    
200162fc  ti_sysbios_hal_Hwi_Module__id__C                            
200162fe  ti_sysbios_heaps_HeapMem_Module__id__C                      
20016300  ti_sysbios_knl_Clock_Module__id__C                          
20016302  ti_sysbios_knl_Clock_Module__loggerDefined__C               
20016304  ti_sysbios_knl_Mailbox_Module__id__C                        
20016306  ti_sysbios_knl_Semaphore_Module__id__C                      
20016308  ti_sysbios_knl_Semaphore_Module__loggerDefined__C           
2001630a  ti_sysbios_knl_Swi_Module__id__C                            
2001630c  ti_sysbios_knl_Swi_Module__loggerDefined__C                 
2001630e  ti_sysbios_knl_Task_Module__id__C                           
20016310  ti_sysbios_knl_Task_Module__loggerDefined__C                
20016312  xdc_runtime_Core_Module__id__C                              
20016314  xdc_runtime_Error_Module__loggerDefined__C                  
20016316  xdc_runtime_Error_maxDepth__C                               
20016318  xdc_runtime_LoggerBuf_Module__id__C                         
2001631a  xdc_runtime_LoggerBuf_filterByLevel__C                      
2001631c  xdc_runtime_Memory_Module__id__C                            
2001631e  xdc_runtime_SysMin_flushAtExit__C                           
20016320  xdc_runtime_Text_charCnt__C                                 
20016322  xdc_runtime_Text_isLoaded__C                                
20016324  xdc_runtime_Text_registryModsLastId__C                      
20016326  xdc_runtime_Text_unnamedModsLastId__C                       
20016328  __TI_static_base__                                          
200166a0  __TI_Handler_Table_Base                                     
200166ac  __TI_Handler_Table_Limit                                    
200166b8  __TI_CINIT_Base                                             
200166c8  __TI_CINIT_Limit                                            
20018000  ti_sysbios_heaps_HeapMem_Instance_State_0_buf__A            
20020000  getBuff                                                     
20020804  DMAMsgQ                                                     
20020808  ti_sysbios_knl_Task_Instance_State_0_stack__A               
20021008  xdc_runtime_LoggerBuf_Instance_State_0_entryArr__A          
20021408  xdc_runtime_SysMin_Module_State_0_outbuf__A                 
20021808  ti_sysbios_family_arm_m3_Hwi_dispatchTable                  
20021c8c  __CIOBUF_                                                   
20021dac  g_ucDinDout                                                 
20021dfc  g_ucConnectionSSID                                          
20021e20  g_ucConnectionBSSID                                         
20021e30  SimpleLinkSpawnTaskHndl                                     
20021e38  g_cDummy                                                    
20021e3c  g_ulDestinationIP                                           
20021e40  simpleLink_mailbox                                          
20021e44  RxIrqCnt                                                    
20021e45  g_bDeviceRestartIsRequired                                  
20021e46  g_ucLED1Pin                                                 
20021e47  g_ucLED2Pin                                                 
20021e48  g_ucLED3Pin                                                 
20021e50  ti_sysbios_family_arm_m3_Hwi_Module__root__V                
20021e58  ti_sysbios_family_arm_m3_Hwi_Object__table__V               
20021e70  ti_sysbios_family_arm_m3_Hwi_Module_State_0_excActive__A    
20021e74  ti_sysbios_family_arm_m3_Hwi_Module_State_0_excContext__A   
20021e78  ti_sysbios_family_arm_m3_Hwi_Module_State_0_excStack__A     
20021e7c  ti_sysbios_family_arm_m3_Timer_Module__root__V              
20021e84  ti_sysbios_family_arm_m3_Timer_Module__state__V             
20021e90  ti_sysbios_family_arm_m3_TimestampProvider_Module__state__V 
20021e94  ti_sysbios_gates_GateHwi_Module__root__V                    
20021e9c  ti_sysbios_gates_GateHwi_Object__table__V                   
20021ea0  ti_sysbios_gates_GateMutex_Module__root__V                  
20021ea8  ti_sysbios_hal_Hwi_Module__root__V                          
20021eb0  ti_sysbios_hal_Timer_Module__root__V                        
20021eb8  ti_sysbios_heaps_HeapMem_Module__root__V                    
20021ec0  ti_sysbios_heaps_HeapMem_Object__table__V                   
20021ed8  ti_sysbios_knl_Clock_Module__root__V                        
20021ee0  ti_sysbios_knl_Event_Module__root__V                        
20021ee8  ti_sysbios_knl_Mailbox_Module__root__V                      
20021ef0  ti_sysbios_knl_Queue_Module__root__V                        
20021ef8  ti_sysbios_knl_Semaphore_Module__root__V                    
20021f00  ti_sysbios_knl_Swi_Module__root__V                          
20021f08  ti_sysbios_knl_Swi_Module__state__V                         
20021f24  ti_sysbios_knl_Task_Module__root__V                         
20021f2c  ti_sysbios_knl_Task_Module_State_0_idleTask__A              
20021f30  xdc_runtime_Error_Module__state__V                          
20021f34  xdc_runtime_LoggerBuf_Module__root__V                       
20021f3c  xdc_runtime_LoggerBuf_Module__state__V                      
20021f44  xdc_runtime_Memory_Module__state__V                         
20021f48  xdc_runtime_Registry_Module__state__V                       
20021f50  xdc_runtime_Startup_Module__state__V                        
20021f58  xdc_runtime_SysMin_Module__state__V                         
20021f64  xdc_runtime_System_Module_State_0_atexitHandlers__A         
20021f74  xdc_runtime_System_Module__state__V                         
20021f7c  xdc_runtime_Text_Module__state__V                           
20021f84  __xdc__init__addr                                           
20022038  _Denorm                                                     
20022048  _Eps                                                        
20022058  _Hugeval                                                    
20022068  _Inf                                                        
20022078  _Nan                                                        
20022088  _Snan                                                       
20022098  _Rteps                                                      
200220a8  _Xbig                                                       
200220b0  _Zero                                                       
200220b8  ti_sysbios_knl_Swi_Module_State_0_readyQ__A                 
20022138  ti_sysbios_knl_Task_Module_State_0_readyQ__A                
200221b8  ti_sysbios_knl_Task_Object__table__V                        
2002224c  ti_sysbios_knl_Task_Module__state__V                        
20022290  ti_sysbios_gates_GateMutex_Object__table__V                 
200222c8  ti_sysbios_family_arm_m3_Hwi_Module__state__V               
200222fc  ti_sysbios_family_arm_m3_Timer_Object__table__V             
2002232c  ti_sysbios_knl_Swi_Object__table__V                         
2002235c  ti_sysbios_knl_Clock_Module__state__V                       
20022388  ti_sysbios_BIOS_Module__state__V                            
200223ac  xdc_runtime_LoggerBuf_Object__table__V                      
200223e4  g_uiLED1Port                                                
200223e8  g_uiLED2Port                                                
200223ec  g_uiLED3Port                                                
20022400  g_SlDeviceStatus                                            
20022404  g_pCB                                                       
20022408  pPingCallBackFunc                                           
2002240d  g_ledStatus                                                 
20022410  g_ulStatus                                                  
20022414  g_ulPingPacketsRecv                                         
20022418  g_ulGatewayIP                                               
2002241c  g_SpiFd                                                     
20022420  g_pHostIntHdl                                               
20022424  g_ucDMAEnabled                                              
20022428  _lock                                                       
2002242c  _unlock                                                     
20022430  __TI_cleanup_ptr                                            
20022434  __TI_dtors_ptr                                              
20022438  _Fenv                                                       
2002243c  _Tls_setup__Fenv                                            
20022440  _Errno                                                      
20022444  main_func_sp                                                
2002e000  __stack                                                     
20030000  __STACK_END                                                 
e000e000  ti_sysbios_family_arm_m3_Hwi_nvic                           
ffffffff  __binit__                                                   
ffffffff  __c_args__                                                  
ffffffff  binit                                                       
UNDEFED   SHT$$INIT_ARRAY$$Base                                       
UNDEFED   SHT$$INIT_ARRAY$$Limit                                      

[937 symbols]
